<?xml version="1.0"?>
<link_info>
   <banner>TMS320C6x Linker PC v7.4.6</banner>
   <copyright>Copyright (c) 1996-2013 Texas Instruments Incorporated</copyright>
   <link_time>0x530b586c</link_time>
   <output_file>platform_test_evmc6670l.out</output_file>
   <entry_point>
      <name>_c_int00</name>
      <address>0xc051b40</address>
   </entry_point>
   <input_file_list>
      <input_file id="fl-2">
         <path>.\obj\</path>
         <kind>object</kind>
         <file>platforms_utils_test.obj</file>
         <name>platforms_utils_test.obj</name>
      </input_file>
      <input_file id="fl-7">
         <path>C:\Users\mahmoud\workspace_v5_5\platform_lib_evmc6670l\lib\debug\</path>
         <kind>archive</kind>
         <file>ti.platform.evm6670l.ae66</file>
         <name>platform.obj</name>
      </input_file>
      <input_file id="fl-8">
         <path>C:\Users\mahmoud\workspace_v5_5\platform_lib_evmc6670l\lib\debug\</path>
         <kind>archive</kind>
         <file>ti.platform.evm6670l.ae66</file>
         <name>evmc66x_uart.obj</name>
      </input_file>
      <input_file id="fl-9">
         <path>C:\Users\mahmoud\workspace_v5_5\platform_lib_evmc6670l\lib\debug\</path>
         <kind>archive</kind>
         <file>ti.platform.evm6670l.ae66</file>
         <name>evmc66x_nor.obj</name>
      </input_file>
      <input_file id="fl-a">
         <path>C:\Users\mahmoud\workspace_v5_5\platform_lib_evmc6670l\lib\debug\</path>
         <kind>archive</kind>
         <file>ti.platform.evm6670l.ae66</file>
         <name>evmc66x_i2c_eeprom.obj</name>
      </input_file>
      <input_file id="fl-b">
         <path>C:\Users\mahmoud\workspace_v5_5\platform_lib_evmc6670l\lib\debug\</path>
         <kind>archive</kind>
         <file>ti.platform.evm6670l.ae66</file>
         <name>evmc66x_fpga.obj</name>
      </input_file>
      <input_file id="fl-c">
         <path>C:\Users\mahmoud\workspace_v5_5\platform_lib_evmc6670l\lib\debug\</path>
         <kind>archive</kind>
         <file>ti.platform.evm6670l.ae66</file>
         <name>evmc6670_phy.obj</name>
      </input_file>
      <input_file id="fl-d">
         <path>C:\Users\mahmoud\workspace_v5_5\platform_lib_evmc6670l\lib\debug\</path>
         <kind>archive</kind>
         <file>ti.platform.evm6670l.ae66</file>
         <name>evmc6670.obj</name>
      </input_file>
      <input_file id="fl-e">
         <path>C:\Users\mahmoud\workspace_v5_5\platform_lib_evmc6670l\lib\debug\</path>
         <kind>archive</kind>
         <file>ti.platform.evm6670l.ae66</file>
         <name>evm66x_nand.obj</name>
      </input_file>
      <input_file id="fl-f">
         <path>C:\Users\mahmoud\workspace_v5_5\platform_lib_evmc6670l\lib\debug\</path>
         <kind>archive</kind>
         <file>ti.platform.evm6670l.ae66</file>
         <name>evm66x_i2c.obj</name>
      </input_file>
      <input_file id="fl-10">
         <path>C:\Users\mahmoud\workspace_v5_5\platform_lib_evmc6670l\lib\debug\</path>
         <kind>archive</kind>
         <file>ti.platform.evm6670l.ae66</file>
         <name>evmc66x_spi.obj</name>
      </input_file>
      <input_file id="fl-11">
         <path>C:\Users\mahmoud\workspace_v5_5\platform_lib_evmc6670l\lib\debug\</path>
         <kind>archive</kind>
         <file>ti.platform.evm6670l.ae66</file>
         <name>evmc66x_gpio.obj</name>
      </input_file>
      <input_file id="fl-12">
         <path>C:\Users\mahmoud\workspace_v5_5\platform_lib_evmc6670l\lib\debug\</path>
         <kind>archive</kind>
         <file>ti.platform.evm6670l.ae66</file>
         <name>evmc66x_ecc.obj</name>
      </input_file>
      <input_file id="fl-8a">
         <path>C:\ti\C6000 Code Generation Tools 7.4.6\lib\</path>
         <kind>archive</kind>
         <file>rts6600_elf.lib</file>
         <name>boot.obj</name>
      </input_file>
      <input_file id="fl-8b">
         <path>C:\ti\C6000 Code Generation Tools 7.4.6\lib\</path>
         <kind>archive</kind>
         <file>rts6600_elf.lib</file>
         <name>copy_decompress_none.obj</name>
      </input_file>
      <input_file id="fl-8c">
         <path>C:\ti\C6000 Code Generation Tools 7.4.6\lib\</path>
         <kind>archive</kind>
         <file>rts6600_elf.lib</file>
         <name>copy_decompress_rle.obj</name>
      </input_file>
      <input_file id="fl-8d">
         <path>C:\ti\C6000 Code Generation Tools 7.4.6\lib\</path>
         <kind>archive</kind>
         <file>rts6600_elf.lib</file>
         <name>copy_zero_init.obj</name>
      </input_file>
      <input_file id="fl-8e">
         <path>C:\ti\C6000 Code Generation Tools 7.4.6\lib\</path>
         <kind>archive</kind>
         <file>rts6600_elf.lib</file>
         <name>divd.obj</name>
      </input_file>
      <input_file id="fl-8f">
         <path>C:\ti\C6000 Code Generation Tools 7.4.6\lib\</path>
         <kind>archive</kind>
         <file>rts6600_elf.lib</file>
         <name>divi.obj</name>
      </input_file>
      <input_file id="fl-90">
         <path>C:\ti\C6000 Code Generation Tools 7.4.6\lib\</path>
         <kind>archive</kind>
         <file>rts6600_elf.lib</file>
         <name>divu.obj</name>
      </input_file>
      <input_file id="fl-91">
         <path>C:\ti\C6000 Code Generation Tools 7.4.6\lib\</path>
         <kind>archive</kind>
         <file>rts6600_elf.lib</file>
         <name>errno.obj</name>
      </input_file>
      <input_file id="fl-92">
         <path>C:\ti\C6000 Code Generation Tools 7.4.6\lib\</path>
         <kind>archive</kind>
         <file>rts6600_elf.lib</file>
         <name>exit.obj</name>
      </input_file>
      <input_file id="fl-93">
         <path>C:\ti\C6000 Code Generation Tools 7.4.6\lib\</path>
         <kind>archive</kind>
         <file>rts6600_elf.lib</file>
         <name>fclose.obj</name>
      </input_file>
      <input_file id="fl-94">
         <path>C:\ti\C6000 Code Generation Tools 7.4.6\lib\</path>
         <kind>archive</kind>
         <file>rts6600_elf.lib</file>
         <name>fflush.obj</name>
      </input_file>
      <input_file id="fl-95">
         <path>C:\ti\C6000 Code Generation Tools 7.4.6\lib\</path>
         <kind>archive</kind>
         <file>rts6600_elf.lib</file>
         <name>fgets.obj</name>
      </input_file>
      <input_file id="fl-96">
         <path>C:\ti\C6000 Code Generation Tools 7.4.6\lib\</path>
         <kind>archive</kind>
         <file>rts6600_elf.lib</file>
         <name>fixdu.obj</name>
      </input_file>
      <input_file id="fl-97">
         <path>C:\ti\C6000 Code Generation Tools 7.4.6\lib\</path>
         <kind>archive</kind>
         <file>rts6600_elf.lib</file>
         <name>fopen.obj</name>
      </input_file>
      <input_file id="fl-98">
         <path>C:\ti\C6000 Code Generation Tools 7.4.6\lib\</path>
         <kind>archive</kind>
         <file>rts6600_elf.lib</file>
         <name>frcmpyd_div.obj</name>
      </input_file>
      <input_file id="fl-99">
         <path>C:\ti\C6000 Code Generation Tools 7.4.6\lib\</path>
         <kind>archive</kind>
         <file>rts6600_elf.lib</file>
         <name>llshift.obj</name>
      </input_file>
      <input_file id="fl-9a">
         <path>C:\ti\C6000 Code Generation Tools 7.4.6\lib\</path>
         <kind>archive</kind>
         <file>rts6600_elf.lib</file>
         <name>lowlev.obj</name>
      </input_file>
      <input_file id="fl-9b">
         <path>C:\ti\C6000 Code Generation Tools 7.4.6\lib\</path>
         <kind>archive</kind>
         <file>rts6600_elf.lib</file>
         <name>memcmp.obj</name>
      </input_file>
      <input_file id="fl-9c">
         <path>C:\ti\C6000 Code Generation Tools 7.4.6\lib\</path>
         <kind>archive</kind>
         <file>rts6600_elf.lib</file>
         <name>memcpy64.obj</name>
      </input_file>
      <input_file id="fl-9d">
         <path>C:\ti\C6000 Code Generation Tools 7.4.6\lib\</path>
         <kind>archive</kind>
         <file>rts6600_elf.lib</file>
         <name>memory.obj</name>
      </input_file>
      <input_file id="fl-9e">
         <path>C:\ti\C6000 Code Generation Tools 7.4.6\lib\</path>
         <kind>archive</kind>
         <file>rts6600_elf.lib</file>
         <name>memset.obj</name>
      </input_file>
      <input_file id="fl-9f">
         <path>C:\ti\C6000 Code Generation Tools 7.4.6\lib\</path>
         <kind>archive</kind>
         <file>rts6600_elf.lib</file>
         <name>printf.obj</name>
      </input_file>
      <input_file id="fl-a0">
         <path>C:\ti\C6000 Code Generation Tools 7.4.6\lib\</path>
         <kind>archive</kind>
         <file>rts6600_elf.lib</file>
         <name>remove.obj</name>
      </input_file>
      <input_file id="fl-a1">
         <path>C:\ti\C6000 Code Generation Tools 7.4.6\lib\</path>
         <kind>archive</kind>
         <file>rts6600_elf.lib</file>
         <name>remu.obj</name>
      </input_file>
      <input_file id="fl-a2">
         <path>C:\ti\C6000 Code Generation Tools 7.4.6\lib\</path>
         <kind>archive</kind>
         <file>rts6600_elf.lib</file>
         <name>strcmp.obj</name>
      </input_file>
      <input_file id="fl-a3">
         <path>C:\ti\C6000 Code Generation Tools 7.4.6\lib\</path>
         <kind>archive</kind>
         <file>rts6600_elf.lib</file>
         <name>strlen.obj</name>
      </input_file>
      <input_file id="fl-a4">
         <path>C:\ti\C6000 Code Generation Tools 7.4.6\lib\</path>
         <kind>archive</kind>
         <file>rts6600_elf.lib</file>
         <name>strncpy.obj</name>
      </input_file>
      <input_file id="fl-a5">
         <path>C:\ti\C6000 Code Generation Tools 7.4.6\lib\</path>
         <kind>archive</kind>
         <file>rts6600_elf.lib</file>
         <name>strtok.obj</name>
      </input_file>
      <input_file id="fl-a6">
         <path>C:\ti\C6000 Code Generation Tools 7.4.6\lib\</path>
         <kind>archive</kind>
         <file>rts6600_elf.lib</file>
         <name>strtol.obj</name>
      </input_file>
      <input_file id="fl-a7">
         <path>C:\ti\C6000 Code Generation Tools 7.4.6\lib\</path>
         <kind>archive</kind>
         <file>rts6600_elf.lib</file>
         <name>trgdrv.obj</name>
      </input_file>
      <input_file id="fl-a8">
         <path>C:\ti\C6000 Code Generation Tools 7.4.6\lib\</path>
         <kind>archive</kind>
         <file>rts6600_elf.lib</file>
         <name>trgmsg.obj</name>
      </input_file>
      <input_file id="fl-a9">
         <path>C:\ti\C6000 Code Generation Tools 7.4.6\lib\</path>
         <kind>archive</kind>
         <file>rts6600_elf.lib</file>
         <name>vsprintf.obj</name>
      </input_file>
      <input_file id="fl-aa">
         <path>C:\ti\C6000 Code Generation Tools 7.4.6\lib\</path>
         <kind>archive</kind>
         <file>rts6600_elf.lib</file>
         <name>_bufread.obj</name>
      </input_file>
      <input_file id="fl-ab">
         <path>C:\ti\C6000 Code Generation Tools 7.4.6\lib\</path>
         <kind>archive</kind>
         <file>rts6600_elf.lib</file>
         <name>_io_perm.obj</name>
      </input_file>
      <input_file id="fl-ac">
         <path>C:\ti\C6000 Code Generation Tools 7.4.6\lib\</path>
         <kind>archive</kind>
         <file>rts6600_elf.lib</file>
         <name>_lock.obj</name>
      </input_file>
      <input_file id="fl-ad">
         <path>C:\ti\C6000 Code Generation Tools 7.4.6\lib\</path>
         <kind>archive</kind>
         <file>rts6600_elf.lib</file>
         <name>_printfi.obj</name>
      </input_file>
      <input_file id="fl-ae">
         <path>C:\ti\C6000 Code Generation Tools 7.4.6\lib\</path>
         <kind>archive</kind>
         <file>rts6600_elf.lib</file>
         <name>args_main.obj</name>
      </input_file>
      <input_file id="fl-af">
         <path>C:\ti\C6000 Code Generation Tools 7.4.6\lib\</path>
         <kind>archive</kind>
         <file>rts6600_elf.lib</file>
         <name>atoi.obj</name>
      </input_file>
      <input_file id="fl-b0">
         <path>C:\ti\C6000 Code Generation Tools 7.4.6\lib\</path>
         <kind>archive</kind>
         <file>rts6600_elf.lib</file>
         <name>autoinit.obj</name>
      </input_file>
      <input_file id="fl-b1">
         <path>C:\ti\C6000 Code Generation Tools 7.4.6\lib\</path>
         <kind>archive</kind>
         <file>rts6600_elf.lib</file>
         <name>cpp_init.obj</name>
      </input_file>
      <input_file id="fl-b2">
         <path>C:\ti\C6000 Code Generation Tools 7.4.6\lib\</path>
         <kind>archive</kind>
         <file>rts6600_elf.lib</file>
         <name>cpy_tbl.obj</name>
      </input_file>
      <input_file id="fl-b3">
         <path>C:\ti\C6000 Code Generation Tools 7.4.6\lib\</path>
         <kind>archive</kind>
         <file>rts6600_elf.lib</file>
         <name>ctype.obj</name>
      </input_file>
      <input_file id="fl-b4">
         <path>C:\ti\C6000 Code Generation Tools 7.4.6\lib\</path>
         <kind>archive</kind>
         <file>rts6600_elf.lib</file>
         <name>defs.obj</name>
      </input_file>
      <input_file id="fl-b5">
         <path>C:\ti\C6000 Code Generation Tools 7.4.6\lib\</path>
         <kind>archive</kind>
         <file>rts6600_elf.lib</file>
         <name>fputc.obj</name>
      </input_file>
      <input_file id="fl-b6">
         <path>C:\ti\C6000 Code Generation Tools 7.4.6\lib\</path>
         <kind>archive</kind>
         <file>rts6600_elf.lib</file>
         <name>fputs.obj</name>
      </input_file>
      <input_file id="fl-b7">
         <path>C:\ti\C6000 Code Generation Tools 7.4.6\lib\</path>
         <kind>archive</kind>
         <file>rts6600_elf.lib</file>
         <name>fseek.obj</name>
      </input_file>
      <input_file id="fl-b8">
         <path>C:\ti\C6000 Code Generation Tools 7.4.6\lib\</path>
         <kind>archive</kind>
         <file>rts6600_elf.lib</file>
         <name>imath40.obj</name>
      </input_file>
      <input_file id="fl-b9">
         <path>C:\ti\C6000 Code Generation Tools 7.4.6\lib\</path>
         <kind>archive</kind>
         <file>rts6600_elf.lib</file>
         <name>imath64.obj</name>
      </input_file>
      <input_file id="fl-ba">
         <path>C:\ti\C6000 Code Generation Tools 7.4.6\lib\</path>
         <kind>archive</kind>
         <file>rts6600_elf.lib</file>
         <name>isinf.obj</name>
      </input_file>
      <input_file id="fl-bb">
         <path>C:\ti\C6000 Code Generation Tools 7.4.6\lib\</path>
         <kind>archive</kind>
         <file>rts6600_elf.lib</file>
         <name>ltoa.obj</name>
      </input_file>
      <input_file id="fl-bc">
         <path>C:\ti\C6000 Code Generation Tools 7.4.6\lib\</path>
         <kind>archive</kind>
         <file>rts6600_elf.lib</file>
         <name>memccpy.obj</name>
      </input_file>
      <input_file id="fl-bd">
         <path>C:\ti\C6000 Code Generation Tools 7.4.6\lib\</path>
         <kind>archive</kind>
         <file>rts6600_elf.lib</file>
         <name>negll.obj</name>
      </input_file>
      <input_file id="fl-be">
         <path>C:\ti\C6000 Code Generation Tools 7.4.6\lib\</path>
         <kind>archive</kind>
         <file>rts6600_elf.lib</file>
         <name>setvbuf.obj</name>
      </input_file>
      <input_file id="fl-bf">
         <path>C:\ti\C6000 Code Generation Tools 7.4.6\lib\</path>
         <kind>archive</kind>
         <file>rts6600_elf.lib</file>
         <name>strcspn.obj</name>
      </input_file>
      <input_file id="fl-c0">
         <path>C:\ti\C6000 Code Generation Tools 7.4.6\lib\</path>
         <kind>archive</kind>
         <file>rts6600_elf.lib</file>
         <name>strspn.obj</name>
      </input_file>
      <input_file id="fl-c1">
         <path>C:\ti\C6000 Code Generation Tools 7.4.6\lib\</path>
         <kind>archive</kind>
         <file>rts6600_elf.lib</file>
         <name>tls.obj</name>
      </input_file>
      <input_file id="fl-c2">
         <path>C:\ti\C6000 Code Generation Tools 7.4.6\lib\</path>
         <kind>archive</kind>
         <file>rts6600_elf.lib</file>
         <name>tls_get_tp.obj</name>
      </input_file>
      <input_file id="fl-c3">
         <path>C:\ti\C6000 Code Generation Tools 7.4.6\lib\</path>
         <kind>archive</kind>
         <file>rts6600_elf.lib</file>
         <name>abs.obj</name>
      </input_file>
   </input_file_list>
   <object_component_list>
      <object_component id="oc-62">
         <name>.text</name>
         <load_address>0xc041000</load_address>
         <run_address>0xc041000</run_address>
         <size>0x2380</size>
         <input_file_ref idref="fl-2"/>
      </object_component>
      <object_component id="oc-ce">
         <name>.text</name>
         <load_address>0xc043380</load_address>
         <run_address>0xc043380</run_address>
         <size>0x2000</size>
         <input_file_ref idref="fl-7"/>
      </object_component>
      <object_component id="oc-15b">
         <name>.text</name>
         <load_address>0xc045380</load_address>
         <run_address>0xc045380</run_address>
         <size>0x1b20</size>
         <input_file_ref idref="fl-d"/>
      </object_component>
      <object_component id="oc-18e">
         <name>.text</name>
         <load_address>0xc046ea0</load_address>
         <run_address>0xc046ea0</run_address>
         <size>0xd80</size>
         <input_file_ref idref="fl-a"/>
      </object_component>
      <object_component id="oc-17f">
         <name>.text</name>
         <load_address>0xc047c20</load_address>
         <run_address>0xc047c20</run_address>
         <size>0xb60</size>
         <input_file_ref idref="fl-e"/>
      </object_component>
      <object_component id="oc-2cf">
         <name>.text</name>
         <load_address>0xc048780</load_address>
         <run_address>0xc048780</run_address>
         <size>0x720</size>
         <input_file_ref idref="fl-12"/>
      </object_component>
      <object_component id="oc-2ca">
         <name>.text</name>
         <load_address>0xc048ea0</load_address>
         <run_address>0xc048ea0</run_address>
         <size>0x720</size>
         <input_file_ref idref="fl-11"/>
      </object_component>
      <object_component id="oc-160">
         <name>.text:__c6xabi_divd</name>
         <load_address>0xc0495c0</load_address>
         <run_address>0xc0495c0</run_address>
         <size>0x5c0</size>
         <input_file_ref idref="fl-8e"/>
      </object_component>
      <object_component id="oc-5a1">
         <name>.text:_getarg_diouxp</name>
         <load_address>0xc049b80</load_address>
         <run_address>0xc049b80</run_address>
         <size>0x5c0</size>
         <input_file_ref idref="fl-ad"/>
      </object_component>
      <object_component id="oc-2a7">
         <name>.text</name>
         <load_address>0xc04a140</load_address>
         <run_address>0xc04a140</run_address>
         <size>0x5a0</size>
         <input_file_ref idref="fl-10"/>
      </object_component>
      <object_component id="oc-171">
         <name>.text</name>
         <load_address>0xc04a6e0</load_address>
         <run_address>0xc04a6e0</run_address>
         <size>0x580</size>
         <input_file_ref idref="fl-c"/>
      </object_component>
      <object_component id="oc-358">
         <name>.text:_setfield</name>
         <load_address>0xc04ac60</load_address>
         <run_address>0xc04ac60</run_address>
         <size>0x520</size>
         <input_file_ref idref="fl-ad"/>
      </object_component>
      <object_component id="oc-184">
         <name>.text</name>
         <load_address>0xc04b180</load_address>
         <run_address>0xc04b180</run_address>
         <size>0x520</size>
         <input_file_ref idref="fl-9"/>
      </object_component>
      <object_component id="oc-16c">
         <name>.text</name>
         <load_address>0xc04b6a0</load_address>
         <run_address>0xc04b6a0</run_address>
         <size>0x4c0</size>
         <input_file_ref idref="fl-b"/>
      </object_component>
      <object_component id="oc-1e3">
         <name>.text:_printfi</name>
         <load_address>0xc04bb60</load_address>
         <run_address>0xc04bb60</run_address>
         <size>0x460</size>
         <input_file_ref idref="fl-ad"/>
      </object_component>
      <object_component id="oc-11e">
         <name>.text:_dofgets</name>
         <load_address>0xc04bfc0</load_address>
         <run_address>0xc04bfc0</run_address>
         <size>0x400</size>
         <input_file_ref idref="fl-95"/>
      </object_component>
      <object_component id="oc-c2">
         <name>.text:strtol</name>
         <load_address>0xc04c3c0</load_address>
         <run_address>0xc04c3c0</run_address>
         <size>0x3c0</size>
         <input_file_ref idref="fl-a6"/>
      </object_component>
      <object_component id="oc-346">
         <name>.text:fputs</name>
         <load_address>0xc04c780</load_address>
         <run_address>0xc04c780</run_address>
         <size>0x3a0</size>
         <input_file_ref idref="fl-b6"/>
      </object_component>
      <object_component id="oc-4f3">
         <name>.text:_pproc_fge</name>
         <load_address>0xc04cb20</load_address>
         <run_address>0xc04cb20</run_address>
         <size>0x320</size>
         <input_file_ref idref="fl-ad"/>
      </object_component>
      <object_component id="oc-176">
         <name>.text</name>
         <load_address>0xc04ce40</load_address>
         <run_address>0xc04ce40</run_address>
         <size>0x320</size>
         <input_file_ref idref="fl-8"/>
      </object_component>
      <object_component id="oc-354">
         <name>.text:_pproc_fwp</name>
         <load_address>0xc04d160</load_address>
         <run_address>0xc04d160</run_address>
         <size>0x2e0</size>
         <input_file_ref idref="fl-ad"/>
      </object_component>
      <object_component id="oc-602">
         <name>.text:fcvt</name>
         <load_address>0xc04d440</load_address>
         <run_address>0xc04d440</run_address>
         <size>0x2a0</size>
         <input_file_ref idref="fl-ad"/>
      </object_component>
      <object_component id="oc-5f5">
         <name>.text:ecvt</name>
         <load_address>0xc04d6e0</load_address>
         <run_address>0xc04d6e0</run_address>
         <size>0x280</size>
         <input_file_ref idref="fl-ad"/>
      </object_component>
      <object_component id="oc-ca">
         <name>.text:free</name>
         <load_address>0xc04d960</load_address>
         <run_address>0xc04d960</run_address>
         <size>0x280</size>
         <input_file_ref idref="fl-9d"/>
      </object_component>
      <object_component id="oc-641">
         <name>.text:__c6xabi_divull</name>
         <load_address>0xc04dbe0</load_address>
         <run_address>0xc04dbe0</run_address>
         <size>0x240</size>
         <input_file_ref idref="fl-b9"/>
      </object_component>
      <object_component id="oc-59c">
         <name>.text:_pconv_e</name>
         <load_address>0xc04de20</load_address>
         <run_address>0xc04de20</run_address>
         <size>0x240</size>
         <input_file_ref idref="fl-ad"/>
      </object_component>
      <object_component id="oc-4f7">
         <name>.text:_pproc_diouxp</name>
         <load_address>0xc04e060</load_address>
         <run_address>0xc04e060</run_address>
         <size>0x240</size>
         <input_file_ref idref="fl-ad"/>
      </object_component>
      <object_component id="oc-35c">
         <name>.text:_pproc_str</name>
         <load_address>0xc04e2a0</load_address>
         <run_address>0xc04e2a0</run_address>
         <size>0x220</size>
         <input_file_ref idref="fl-ad"/>
      </object_component>
      <object_component id="oc-34b">
         <name>.text:fputc</name>
         <load_address>0xc04e4c0</load_address>
         <run_address>0xc04e4c0</run_address>
         <size>0x220</size>
         <input_file_ref idref="fl-b5"/>
      </object_component>
      <object_component id="oc-594">
         <name>.text:_pconv_g</name>
         <load_address>0xc04e6e0</load_address>
         <run_address>0xc04e6e0</run_address>
         <size>0x200</size>
         <input_file_ref idref="fl-ad"/>
      </object_component>
      <object_component id="oc-37f">
         <name>.text:setvbuf</name>
         <load_address>0xc04e8e0</load_address>
         <run_address>0xc04e8e0</run_address>
         <size>0x200</size>
         <input_file_ref idref="fl-be"/>
      </object_component>
      <object_component id="oc-5fd">
         <name>.text:_mcpy</name>
         <load_address>0xc04eae0</load_address>
         <run_address>0xc04eae0</run_address>
         <size>0x1c0</size>
         <input_file_ref idref="fl-ad"/>
      </object_component>
      <object_component id="oc-1d3">
         <name>.text:_openfile</name>
         <load_address>0xc04eca0</load_address>
         <run_address>0xc04eca0</run_address>
         <size>0x1c0</size>
         <input_file_ref idref="fl-97"/>
      </object_component>
      <object_component id="oc-5cc">
         <name>.text:HOSTrename</name>
         <load_address>0xc04ee60</load_address>
         <run_address>0xc04ee60</run_address>
         <size>0x1a0</size>
         <input_file_ref idref="fl-a7"/>
      </object_component>
      <object_component id="oc-63d">
         <name>.text:__c6xabi_divul</name>
         <load_address>0xc04f000</load_address>
         <run_address>0xc04f000</run_address>
         <size>0x1a0</size>
         <input_file_ref idref="fl-b8"/>
      </object_component>
      <object_component id="oc-44">
         <name>.text:__TI_decompress_rle_core</name>
         <load_address>0xc04f1a0</load_address>
         <run_address>0xc04f1a0</run_address>
         <size>0x180</size>
         <input_file_ref idref="fl-8c"/>
      </object_component>
      <object_component id="oc-c6">
         <name>.text:malloc</name>
         <load_address>0xc04f320</load_address>
         <run_address>0xc04f320</run_address>
         <size>0x180</size>
         <input_file_ref idref="fl-9d"/>
      </object_component>
      <object_component id="oc-33c">
         <name>.text:open</name>
         <load_address>0xc04f4a0</load_address>
         <run_address>0xc04f4a0</run_address>
         <size>0x180</size>
         <input_file_ref idref="fl-9a"/>
      </object_component>
      <object_component id="oc-350">
         <name>.text:_pproc_fflags</name>
         <load_address>0xc04f620</load_address>
         <run_address>0xc04f620</run_address>
         <size>0x140</size>
         <input_file_ref idref="fl-ad"/>
      </object_component>
      <object_component id="oc-4da">
         <name>.text:getdevice</name>
         <load_address>0xc04f760</load_address>
         <run_address>0xc04f760</run_address>
         <size>0x140</size>
         <input_file_ref idref="fl-9a"/>
      </object_component>
      <object_component id="oc-253">
         <name>.text:_buff_read</name>
         <load_address>0xc04f8a0</load_address>
         <run_address>0xc04f8a0</run_address>
         <size>0x120</size>
         <input_file_ref idref="fl-aa"/>
      </object_component>
      <object_component id="oc-1e9">
         <name>.text:_closefile</name>
         <load_address>0xc04f9c0</load_address>
         <run_address>0xc04f9c0</run_address>
         <size>0x120</size>
         <input_file_ref idref="fl-93"/>
      </object_component>
      <object_component id="oc-5a9">
         <name>.text:_ltostr</name>
         <load_address>0xc04fae0</load_address>
         <run_address>0xc04fae0</run_address>
         <size>0x120</size>
         <input_file_ref idref="fl-ad"/>
      </object_component>
      <object_component id="oc-1cf">
         <name>.text:_search_fp</name>
         <load_address>0xc04fc00</load_address>
         <run_address>0xc04fc00</run_address>
         <size>0x120</size>
         <input_file_ref idref="fl-97"/>
      </object_component>
      <object_component id="oc-580">
         <name>.text:fseek</name>
         <load_address>0xc04fd20</load_address>
         <run_address>0xc04fd20</run_address>
         <size>0x120</size>
         <input_file_ref idref="fl-b7"/>
      </object_component>
      <object_component id="oc-5c4">
         <name>.text:HOSTlseek</name>
         <load_address>0xc04fe40</load_address>
         <run_address>0xc04fe40</run_address>
         <size>0x100</size>
         <input_file_ref idref="fl-a7"/>
      </object_component>
      <object_component id="oc-27">
         <name>.text:_auto_init_elf</name>
         <load_address>0xc04ff40</load_address>
         <run_address>0xc04ff40</run_address>
         <size>0x100</size>
         <input_file_ref idref="fl-b0"/>
      </object_component>
      <object_component id="oc-4e1">
         <name>.text:_wrt_ok</name>
         <load_address>0xc050040</load_address>
         <run_address>0xc050040</run_address>
         <size>0x100</size>
         <input_file_ref idref="fl-ab"/>
      </object_component>
      <object_component id="oc-55">
         <name>.text:copy_in</name>
         <load_address>0xc050140</load_address>
         <run_address>0xc050140</run_address>
         <size>0x100</size>
         <input_file_ref idref="fl-b2"/>
      </object_component>
      <object_component id="oc-5b4">
         <name>.text:HOSTopen</name>
         <load_address>0xc050240</load_address>
         <run_address>0xc050240</run_address>
         <size>0xe0</size>
         <input_file_ref idref="fl-a7"/>
      </object_component>
      <object_component id="oc-286">
         <name>.text:__divi</name>
         <load_address>0xc050320</load_address>
         <run_address>0xc050320</run_address>
         <size>0xe0</size>
         <input_file_ref idref="fl-8f"/>
      </object_component>
      <object_component id="oc-618">
         <name>.text:_div</name>
         <load_address>0xc050400</load_address>
         <run_address>0xc050400</run_address>
         <size>0xe0</size>
         <input_file_ref idref="fl-ad"/>
      </object_component>
      <object_component id="oc-4ee">
         <name>.text:atoi</name>
         <load_address>0xc0504e0</load_address>
         <run_address>0xc0504e0</run_address>
         <size>0xe0</size>
         <input_file_ref idref="fl-af"/>
      </object_component>
      <object_component id="oc-36d">
         <name>.text:close</name>
         <load_address>0xc0505c0</load_address>
         <run_address>0xc0505c0</run_address>
         <size>0xe0</size>
         <input_file_ref idref="fl-9a"/>
      </object_component>
      <object_component id="oc-1b">
         <name>.text:decompress:ZI:__TI_zero_init</name>
         <load_address>0xc0506a0</load_address>
         <run_address>0xc0506a0</run_address>
         <size>0xe0</size>
         <input_file_ref idref="fl-8d"/>
      </object_component>
      <object_component id="oc-634">
         <name>.text:ltoa</name>
         <load_address>0xc050780</load_address>
         <run_address>0xc050780</run_address>
         <size>0xe0</size>
         <input_file_ref idref="fl-bb"/>
      </object_component>
      <object_component id="oc-aa">
         <name>.text:memset</name>
         <load_address>0xc050860</load_address>
         <run_address>0xc050860</run_address>
         <size>0xe0</size>
         <input_file_ref idref="fl-9e"/>
      </object_component>
      <object_component id="oc-db">
         <name>.text:printf</name>
         <load_address>0xc050940</load_address>
         <run_address>0xc050940</run_address>
         <size>0xe0</size>
         <input_file_ref idref="fl-9f"/>
      </object_component>
      <object_component id="oc-5bc">
         <name>.text:HOSTread</name>
         <load_address>0xc050a20</load_address>
         <run_address>0xc050a20</run_address>
         <size>0xc0</size>
         <input_file_ref idref="fl-a7"/>
      </object_component>
      <object_component id="oc-5c8">
         <name>.text:HOSTunlink</name>
         <load_address>0xc050ae0</load_address>
         <run_address>0xc050ae0</run_address>
         <size>0xc0</size>
         <input_file_ref idref="fl-a7"/>
      </object_component>
      <object_component id="oc-5c0">
         <name>.text:HOSTwrite</name>
         <load_address>0xc050ba0</load_address>
         <run_address>0xc050ba0</run_address>
         <size>0xc0</size>
         <input_file_ref idref="fl-a7"/>
      </object_component>
      <object_component id="oc-13f">
         <name>.text:__divu</name>
         <load_address>0xc050c60</load_address>
         <run_address>0xc050c60</run_address>
         <size>0xc0</size>
         <input_file_ref idref="fl-90"/>
      </object_component>
      <object_component id="oc-369">
         <name>.text:_doflush</name>
         <load_address>0xc050d20</load_address>
         <run_address>0xc050d20</run_address>
         <size>0xc0</size>
         <input_file_ref idref="fl-94"/>
      </object_component>
      <object_component id="oc-24f">
         <name>.text:_rd_ok</name>
         <load_address>0xc050de0</load_address>
         <run_address>0xc050de0</run_address>
         <size>0xc0</size>
         <input_file_ref idref="fl-ab"/>
      </object_component>
      <object_component id="oc-2f">
         <name>.text:exit</name>
         <load_address>0xc050ea0</load_address>
         <run_address>0xc050ea0</run_address>
         <size>0xc0</size>
         <input_file_ref idref="fl-92"/>
      </object_component>
      <object_component id="oc-b2">
         <name>.text:strtok</name>
         <load_address>0xc050f60</load_address>
         <run_address>0xc050f60</run_address>
         <size>0xc0</size>
         <input_file_ref idref="fl-a5"/>
      </object_component>
      <object_component id="oc-59">
         <name>.text:tls:init:__TI_tls_init</name>
         <load_address>0xc051020</load_address>
         <run_address>0xc051020</run_address>
         <size>0xc0</size>
         <input_file_ref idref="fl-c1"/>
      </object_component>
      <object_component id="oc-5b8">
         <name>.text:HOSTclose</name>
         <load_address>0xc0510e0</load_address>
         <run_address>0xc0510e0</run_address>
         <size>0xa0</size>
         <input_file_ref idref="fl-a7"/>
      </object_component>
      <object_component id="oc-143">
         <name>.text:__remu</name>
         <load_address>0xc051180</load_address>
         <run_address>0xc051180</run_address>
         <size>0xa0</size>
         <input_file_ref idref="fl-a1"/>
      </object_component>
      <object_component id="oc-338">
         <name>.text:_cleanup</name>
         <load_address>0xc051220</load_address>
         <run_address>0xc051220</run_address>
         <size>0xa0</size>
         <input_file_ref idref="fl-97"/>
      </object_component>
      <object_component id="oc-5f9">
         <name>.text:_ecpy</name>
         <load_address>0xc0512c0</load_address>
         <run_address>0xc0512c0</run_address>
         <size>0xa0</size>
         <input_file_ref idref="fl-ad"/>
      </object_component>
      <object_component id="oc-606">
         <name>.text:_fcpy</name>
         <load_address>0xc051360</load_address>
         <run_address>0xc051360</run_address>
         <size>0xa0</size>
         <input_file_ref idref="fl-ad"/>
      </object_component>
      <object_component id="oc-14d">
         <name>.text:_minit</name>
         <load_address>0xc051400</load_address>
         <run_address>0xc051400</run_address>
         <size>0xa0</size>
         <input_file_ref idref="fl-9d"/>
      </object_component>
      <object_component id="oc-598">
         <name>.text:_pconv_f</name>
         <load_address>0xc0514a0</load_address>
         <run_address>0xc0514a0</run_address>
         <size>0xa0</size>
         <input_file_ref idref="fl-ad"/>
      </object_component>
      <object_component id="oc-57b">
         <name>.text:finddevice</name>
         <load_address>0xc051540</load_address>
         <run_address>0xc051540</run_address>
         <size>0xa0</size>
         <input_file_ref idref="fl-9a"/>
      </object_component>
      <object_component id="oc-5eb">
         <name>.text:lseek</name>
         <load_address>0xc0515e0</load_address>
         <run_address>0xc0515e0</run_address>
         <size>0xa0</size>
         <input_file_ref idref="fl-9a"/>
      </object_component>
      <object_component id="oc-34">
         <name>.text:memcpy</name>
         <load_address>0xc051680</load_address>
         <run_address>0xc051680</run_address>
         <size>0xa0</size>
         <input_file_ref idref="fl-9c"/>
      </object_component>
      <object_component id="oc-155">
         <name>.text:minsert</name>
         <load_address>0xc051720</load_address>
         <run_address>0xc051720</run_address>
         <size>0xa0</size>
         <input_file_ref idref="fl-9d"/>
      </object_component>
      <object_component id="oc-151">
         <name>.text:mremove</name>
         <load_address>0xc0517c0</load_address>
         <run_address>0xc0517c0</run_address>
         <size>0xa0</size>
         <input_file_ref idref="fl-9d"/>
      </object_component>
      <object_component id="oc-257">
         <name>.text:read</name>
         <load_address>0xc051860</load_address>
         <run_address>0xc051860</run_address>
         <size>0xa0</size>
         <input_file_ref idref="fl-9a"/>
      </object_component>
      <object_component id="oc-126">
         <name>.text:strspn</name>
         <load_address>0xc051900</load_address>
         <run_address>0xc051900</run_address>
         <size>0xa0</size>
         <input_file_ref idref="fl-c0"/>
      </object_component>
      <object_component id="oc-4e5">
         <name>.text:write</name>
         <load_address>0xc0519a0</load_address>
         <run_address>0xc0519a0</run_address>
         <size>0xa0</size>
         <input_file_ref idref="fl-9a"/>
      </object_component>
      <object_component id="oc-164">
         <name>.text:__c6xabi_fixdu</name>
         <load_address>0xc051a40</load_address>
         <run_address>0xc051a40</run_address>
         <size>0x80</size>
         <input_file_ref idref="fl-96"/>
      </object_component>
      <object_component id="oc-652">
         <name>.text:__c6xabi_llshl</name>
         <load_address>0xc051ac0</load_address>
         <run_address>0xc051ac0</run_address>
         <size>0x80</size>
         <input_file_ref idref="fl-99"/>
      </object_component>
      <object_component id="oc-13">
         <name>.text:_c_int00</name>
         <load_address>0xc051b40</load_address>
         <run_address>0xc051b40</run_address>
         <size>0x80</size>
         <input_file_ref idref="fl-8a"/>
      </object_component>
      <object_component id="oc-625">
         <name>.text:readmsg</name>
         <load_address>0xc051bc0</load_address>
         <run_address>0xc051bc0</run_address>
         <size>0x80</size>
         <input_file_ref idref="fl-a8"/>
      </object_component>
      <object_component id="oc-168">
         <name>.text:strncpy</name>
         <load_address>0xc051c40</load_address>
         <run_address>0xc051c40</run_address>
         <size>0x80</size>
         <input_file_ref idref="fl-a4"/>
      </object_component>
      <object_component id="oc-189">
         <name>.text</name>
         <load_address>0xc051cc0</load_address>
         <run_address>0xc051cc0</run_address>
         <size>0x80</size>
         <input_file_ref idref="fl-f"/>
      </object_component>
      <object_component id="oc-371">
         <name>.text:unlink</name>
         <load_address>0xc051d40</load_address>
         <run_address>0xc051d40</run_address>
         <size>0x80</size>
         <input_file_ref idref="fl-9a"/>
      </object_component>
      <object_component id="oc-5d">
         <name>.text:__TI_cpp_init</name>
         <load_address>0xc051dc0</load_address>
         <run_address>0xc051dc0</run_address>
         <size>0x60</size>
         <input_file_ref idref="fl-b1"/>
      </object_component>
      <object_component id="oc-29a">
         <name>.text:__c6xabi_frcmpyd_div</name>
         <load_address>0xc051e20</load_address>
         <run_address>0xc051e20</run_address>
         <size>0x60</size>
         <input_file_ref idref="fl-98"/>
      </object_component>
      <object_component id="oc-296">
         <name>.text:__c6xabi_llshru</name>
         <load_address>0xc051e80</load_address>
         <run_address>0xc051e80</run_address>
         <size>0x60</size>
         <input_file_ref idref="fl-99"/>
      </object_component>
      <object_component id="oc-656">
         <name>.text:_subcull</name>
         <load_address>0xc051ee0</load_address>
         <run_address>0xc051ee0</run_address>
         <size>0x60</size>
         <input_file_ref idref="fl-b9"/>
      </object_component>
      <object_component id="oc-df">
         <name>.text:fclose</name>
         <load_address>0xc051f40</load_address>
         <run_address>0xc051f40</run_address>
         <size>0x60</size>
         <input_file_ref idref="fl-93"/>
      </object_component>
      <object_component id="oc-d7">
         <name>.text:fopen</name>
         <load_address>0xc051fa0</load_address>
         <run_address>0xc051fa0</run_address>
         <size>0x60</size>
         <input_file_ref idref="fl-97"/>
      </object_component>
      <object_component id="oc-4fb">
         <name>.text:memccpy</name>
         <load_address>0xc052000</load_address>
         <run_address>0xc052000</run_address>
         <size>0x60</size>
         <input_file_ref idref="fl-bc"/>
      </object_component>
      <object_component id="oc-d3">
         <name>.text:memcmp</name>
         <load_address>0xc052060</load_address>
         <run_address>0xc052060</run_address>
         <size>0x60</size>
         <input_file_ref idref="fl-9b"/>
      </object_component>
      <object_component id="oc-12a">
         <name>.text:strcspn</name>
         <load_address>0xc0520c0</load_address>
         <run_address>0xc0520c0</run_address>
         <size>0x60</size>
         <input_file_ref idref="fl-bf"/>
      </object_component>
      <object_component id="oc-4d6">
         <name>.text:tabinit</name>
         <load_address>0xc052120</load_address>
         <run_address>0xc052120</run_address>
         <size>0x60</size>
         <input_file_ref idref="fl-9a"/>
      </object_component>
      <object_component id="oc-17b">
         <name>.text:vsprintf</name>
         <load_address>0xc052180</load_address>
         <run_address>0xc052180</run_address>
         <size>0x60</size>
         <input_file_ref idref="fl-a9"/>
      </object_component>
      <object_component id="oc-621">
         <name>.text:writemsg</name>
         <load_address>0xc0521e0</load_address>
         <run_address>0xc0521e0</run_address>
         <size>0x60</size>
         <input_file_ref idref="fl-a8"/>
      </object_component>
      <object_component id="oc-590">
         <name>.text:__c6xabi_isinf</name>
         <load_address>0xc052240</load_address>
         <run_address>0xc052240</run_address>
         <size>0x40</size>
         <input_file_ref idref="fl-ba"/>
      </object_component>
      <object_component id="oc-58c">
         <name>.text:__c6xabi_isnan</name>
         <load_address>0xc052280</load_address>
         <run_address>0xc052280</run_address>
         <size>0x40</size>
         <input_file_ref idref="fl-ad"/>
      </object_component>
      <object_component id="oc-2b">
         <name>.text:_args_main</name>
         <load_address>0xc0522c0</load_address>
         <run_address>0xc0522c0</run_address>
         <size>0x40</size>
         <input_file_ref idref="fl-ae"/>
      </object_component>
      <object_component id="oc-2bf">
         <name>.text:_outs</name>
         <load_address>0xc052300</load_address>
         <run_address>0xc052300</run_address>
         <size>0x40</size>
         <input_file_ref idref="fl-a9"/>
      </object_component>
      <object_component id="oc-ba">
         <name>.text:strcmp</name>
         <load_address>0xc052340</load_address>
         <run_address>0xc052340</run_address>
         <size>0x40</size>
         <input_file_ref idref="fl-a2"/>
      </object_component>
      <object_component id="oc-b6">
         <name>.text:strlen</name>
         <load_address>0xc052380</load_address>
         <run_address>0xc052380</run_address>
         <size>0x40</size>
         <input_file_ref idref="fl-a3"/>
      </object_component>
      <object_component id="oc-be">
         <name>.text:__c6xabi_errno_addr</name>
         <load_address>0xc0523c0</load_address>
         <run_address>0xc0523c0</run_address>
         <size>0x20</size>
         <input_file_ref idref="fl-91"/>
      </object_component>
      <object_component id="oc-5a5">
         <name>.text:__c6xabi_negll</name>
         <load_address>0xc0523e0</load_address>
         <run_address>0xc0523e0</run_address>
         <size>0x20</size>
         <input_file_ref idref="fl-bd"/>
      </object_component>
      <object_component id="oc-27a">
         <name>.text:_nop</name>
         <load_address>0xc052400</load_address>
         <run_address>0xc052400</run_address>
         <size>0x20</size>
         <input_file_ref idref="fl-ac"/>
      </object_component>
      <object_component id="oc-1df">
         <name>.text:_outc</name>
         <load_address>0xc052420</load_address>
         <run_address>0xc052420</run_address>
         <size>0x20</size>
         <input_file_ref idref="fl-9f"/>
      </object_component>
      <object_component id="oc-2bb">
         <name>.text:_outc</name>
         <load_address>0xc052440</load_address>
         <run_address>0xc052440</run_address>
         <size>0x20</size>
         <input_file_ref idref="fl-a9"/>
      </object_component>
      <object_component id="oc-1db">
         <name>.text:_outs</name>
         <load_address>0xc052460</load_address>
         <run_address>0xc052460</run_address>
         <size>0x20</size>
         <input_file_ref idref="fl-9f"/>
      </object_component>
      <object_component id="oc-6f">
         <name>.text:abort</name>
         <load_address>0xc052480</load_address>
         <run_address>0xc052480</run_address>
         <size>0x20</size>
         <input_file_ref idref="fl-92"/>
      </object_component>
      <object_component id="oc-17">
         <name>.text:decompress:none:__TI_decompress_none</name>
         <load_address>0xc0524a0</load_address>
         <run_address>0xc0524a0</run_address>
         <size>0x20</size>
         <input_file_ref idref="fl-8b"/>
      </object_component>
      <object_component id="oc-1f">
         <name>.text:decompress:rle24:__TI_decompress_rle24</name>
         <load_address>0xc0524c0</load_address>
         <run_address>0xc0524c0</run_address>
         <size>0x20</size>
         <input_file_ref idref="fl-8c"/>
      </object_component>
      <object_component id="oc-ae">
         <name>.text:fgets</name>
         <load_address>0xc0524e0</load_address>
         <run_address>0xc0524e0</run_address>
         <size>0x20</size>
         <input_file_ref idref="fl-95"/>
      </object_component>
      <object_component id="oc-a4">
         <name>.neardata</name>
         <load_address>0xc05ef00</load_address>
         <run_address>0xc05ef00</run_address>
         <size>0x8</size>
         <input_file_ref idref="fl-7"/>
      </object_component>
      <object_component id="oc-3dc">
         <name>.bss</name>
         <uninitialized>true</uninitialized>
         <run_address>0xc05ef0c</run_address>
         <size>0x4</size>
         <input_file_ref idref="fl-10"/>
      </object_component>
      <object_component id="oc-456">
         <name>.bss</name>
         <uninitialized>true</uninitialized>
         <run_address>0xc05ef08</run_address>
         <size>0x4</size>
         <input_file_ref idref="fl-11"/>
      </object_component>
      <object_component id="oc-23">
         <name>.stack</name>
         <uninitialized>true</uninitialized>
         <run_address>0xc052500</run_address>
         <size>0x8</size>
         <input_file_ref idref="fl-8a"/>
      </object_component>
      <object_component id="oc-689">
         <name>.stack</name>
         <uninitialized>true</uninitialized>
         <run_address>0xc052500</run_address>
         <size>0x0</size>
      </object_component>
      <object_component id="oc-688">
         <name>.cinit.platform_lib.load</name>
         <load_address>0xc05ef10</load_address>
         <run_address>0xc05ef10</run_address>
         <size>0x19e</size>
      </object_component>
      <object_component id="oc-687">
         <name>.cinit..fardata.load</name>
         <load_address>0xc05f0b0</load_address>
         <run_address>0xc05f0b0</run_address>
         <size>0x97</size>
      </object_component>
      <object_component id="oc-682">
         <name>__TI_handler_table</name>
         <load_address>0xc05f148</load_address>
         <run_address>0xc05f148</run_address>
         <size>0xc</size>
      </object_component>
      <object_component id="oc-684">
         <name>.cinit..neardata.load</name>
         <load_address>0xc05f154</load_address>
         <run_address>0xc05f154</run_address>
         <size>0x9</size>
      </object_component>
      <object_component id="oc-685">
         <name>.cinit..bss.load</name>
         <load_address>0xc05f160</load_address>
         <run_address>0xc05f160</run_address>
         <size>0x8</size>
      </object_component>
      <object_component id="oc-686">
         <name>.cinit..far.load</name>
         <load_address>0xc05f168</load_address>
         <run_address>0xc05f168</run_address>
         <size>0x8</size>
      </object_component>
      <object_component id="oc-683">
         <name>__TI_cinit_table</name>
         <load_address>0xc05f170</load_address>
         <run_address>0xc05f170</run_address>
         <size>0x28</size>
      </object_component>
      <object_component id="oc-648">
         <name>.cio</name>
         <uninitialized>true</uninitialized>
         <run_address>0xc05edd0</run_address>
         <size>0x120</size>
         <input_file_ref idref="fl-a8"/>
      </object_component>
      <object_component id="oc-a3">
         <name>.const:.string</name>
         <load_address>0xc05d970</load_address>
         <run_address>0xc05d970</run_address>
         <size>0xdd4</size>
         <input_file_ref idref="fl-2"/>
      </object_component>
      <object_component id="oc-13d">
         <name>.const:.string:_ctypes_</name>
         <load_address>0xc05e748</load_address>
         <run_address>0xc05e748</run_address>
         <size>0x101</size>
         <input_file_ref idref="fl-b3"/>
      </object_component>
      <object_component id="oc-195">
         <name>.const:.string</name>
         <load_address>0xc05e84c</load_address>
         <run_address>0xc05e84c</run_address>
         <size>0x58</size>
         <input_file_ref idref="fl-7"/>
      </object_component>
      <object_component id="oc-4ff">
         <name>.const:.string</name>
         <load_address>0xc05e8a4</load_address>
         <run_address>0xc05e8a4</run_address>
         <size>0x23</size>
         <input_file_ref idref="fl-ad"/>
      </object_component>
      <object_component id="oc-a6">
         <name>.const:.string:$P$T1$2</name>
         <load_address>0xc05e8c8</load_address>
         <run_address>0xc05e8c8</run_address>
         <size>0xc</size>
         <input_file_ref idref="fl-2"/>
      </object_component>
      <object_component id="oc-a1">
         <name>.const:.string:$P$T0$1</name>
         <load_address>0xc05e8d8</load_address>
         <run_address>0xc05e8d8</run_address>
         <size>0x6</size>
         <input_file_ref idref="fl-2"/>
      </object_component>
      <object_component id="oc-2d6">
         <name>.const:.string:$P$T0$1</name>
         <load_address>0xc05e8e0</load_address>
         <run_address>0xc05e8e0</run_address>
         <size>0x6</size>
         <input_file_ref idref="fl-e"/>
      </object_component>
      <object_component id="oc-196">
         <name>.switch:platform_internal_memory_test</name>
         <load_address>0xc05eef0</load_address>
         <run_address>0xc05eef0</run_address>
         <size>0x10</size>
         <input_file_ref idref="fl-7"/>
      </object_component>
      <object_component id="oc-25">
         <name>.sysmem</name>
         <uninitialized>true</uninitialized>
         <run_address>0xc000000</run_address>
         <size>0x8</size>
         <input_file_ref idref="fl-9d"/>
      </object_component>
      <object_component id="oc-68a">
         <name>.sysmem</name>
         <uninitialized>true</uninitialized>
         <run_address>0xc000000</run_address>
         <size>0x0</size>
      </object_component>
      <object_component id="oc-2dd">
         <name>.far</name>
         <uninitialized>true</uninitialized>
         <run_address>0xc05ed80</run_address>
         <size>0x44</size>
         <input_file_ref idref="fl-a"/>
      </object_component>
      <object_component id="oc-375">
         <name>.far</name>
         <uninitialized>true</uninitialized>
         <run_address>0xc05ec40</run_address>
         <size>0x140</size>
         <input_file_ref idref="fl-b4"/>
      </object_component>
      <object_component id="oc-61f">
         <name>.far</name>
         <uninitialized>true</uninitialized>
         <run_address>0xc05edc8</run_address>
         <size>0x8</size>
         <input_file_ref idref="fl-a7"/>
      </object_component>
      <object_component id="oc-6d">
         <name>.fardata</name>
         <load_address>0xc05ec08</load_address>
         <run_address>0xc05ec08</run_address>
         <size>0xc</size>
         <input_file_ref idref="fl-92"/>
      </object_component>
      <object_component id="oc-a8">
         <name>.fardata:input_file_name</name>
         <load_address>0xc05ebe0</load_address>
         <run_address>0xc05ebe0</run_address>
         <size>0x26</size>
         <input_file_ref idref="fl-2"/>
      </object_component>
      <object_component id="oc-124">
         <name>.fardata</name>
         <load_address>0xc05ec38</load_address>
         <run_address>0xc05ec38</run_address>
         <size>0x4</size>
         <input_file_ref idref="fl-a5"/>
      </object_component>
      <object_component id="oc-139">
         <name>.fardata</name>
         <load_address>0xc05ec2c</load_address>
         <run_address>0xc05ec2c</run_address>
         <size>0x4</size>
         <input_file_ref idref="fl-91"/>
      </object_component>
      <object_component id="oc-149">
         <name>.fardata</name>
         <load_address>0xc05ec20</load_address>
         <run_address>0xc05ec20</run_address>
         <size>0x8</size>
         <input_file_ref idref="fl-ac"/>
      </object_component>
      <object_component id="oc-14b">
         <name>.fardata</name>
         <load_address>0xc05ec14</load_address>
         <run_address>0xc05ec14</run_address>
         <size>0xc</size>
         <input_file_ref idref="fl-9d"/>
      </object_component>
      <object_component id="oc-1d9">
         <name>.fardata:_ftable</name>
         <load_address>0xc05e8e8</load_address>
         <run_address>0xc05e8e8</run_address>
         <size>0x1e0</size>
         <input_file_ref idref="fl-b4"/>
      </object_component>
      <object_component id="oc-334">
         <name>.fardata</name>
         <load_address>0xc05ec30</load_address>
         <run_address>0xc05ec30</run_address>
         <size>0x4</size>
         <input_file_ref idref="fl-97"/>
      </object_component>
      <object_component id="oc-335">
         <name>.fardata</name>
         <load_address>0xc05ec28</load_address>
         <run_address>0xc05ec28</run_address>
         <size>0x4</size>
         <input_file_ref idref="fl-b4"/>
      </object_component>
      <object_component id="oc-387">
         <name>.fardata:_stream</name>
         <load_address>0xc05eac8</load_address>
         <run_address>0xc05eac8</run_address>
         <size>0xa0</size>
         <input_file_ref idref="fl-9a"/>
      </object_component>
      <object_component id="oc-515">
         <name>.fardata:_device</name>
         <load_address>0xc05eb68</load_address>
         <run_address>0xc05eb68</run_address>
         <size>0x78</size>
         <input_file_ref idref="fl-9a"/>
      </object_component>
      <object_component id="oc-579">
         <name>.fardata</name>
         <load_address>0xc05ec34</load_address>
         <run_address>0xc05ec34</run_address>
         <size>0x4</size>
         <input_file_ref idref="fl-9a"/>
      </object_component>
      <object_component id="oc-193">
         <name>platform_lib:init</name>
         <load_address>0xc05d768</load_address>
         <run_address>0xc05d768</run_address>
         <size>0x108</size>
         <input_file_ref idref="fl-7"/>
      </object_component>
      <object_component id="oc-197">
         <name>platform_lib:uninit</name>
         <load_address>0xc05c500</load_address>
         <run_address>0xc05c500</run_address>
         <size>0x1058</size>
         <input_file_ref idref="fl-7"/>
      </object_component>
      <object_component id="oc-2d4">
         <name>platform_lib</name>
         <load_address>0xc05d558</load_address>
         <run_address>0xc05d558</run_address>
         <size>0x210</size>
         <input_file_ref idref="fl-e"/>
      </object_component>
      <object_component id="oc-464">
         <name>platform_lib</name>
         <load_address>0xc05d870</load_address>
         <run_address>0xc05d870</run_address>
         <size>0x100</size>
         <input_file_ref idref="fl-12"/>
      </object_component>
      <object_component id="oc-14">
         <name>.debug_info</name>
         <load_address>0x0</load_address>
         <run_address>0x0</run_address>
         <size>0x110</size>
         <input_file_ref idref="fl-8a"/>
      </object_component>
      <object_component id="oc-18">
         <name>.debug_info</name>
         <load_address>0x110</load_address>
         <run_address>0x110</run_address>
         <size>0x14f</size>
         <input_file_ref idref="fl-8b"/>
      </object_component>
      <object_component id="oc-1c">
         <name>.debug_info</name>
         <load_address>0x25f</load_address>
         <run_address>0x25f</run_address>
         <size>0x190</size>
         <input_file_ref idref="fl-8d"/>
      </object_component>
      <object_component id="oc-20">
         <name>.debug_info</name>
         <load_address>0x3ef</load_address>
         <run_address>0x3ef</run_address>
         <size>0x16c</size>
         <input_file_ref idref="fl-8c"/>
      </object_component>
      <object_component id="oc-24">
         <name>.debug_info</name>
         <load_address>0x55b</load_address>
         <run_address>0x55b</run_address>
         <size>0xa7</size>
         <input_file_ref idref="fl-8a"/>
      </object_component>
      <object_component id="oc-26">
         <name>.debug_info</name>
         <load_address>0x602</load_address>
         <run_address>0x602</run_address>
         <size>0xb3</size>
         <input_file_ref idref="fl-9d"/>
      </object_component>
      <object_component id="oc-28">
         <name>.debug_info</name>
         <load_address>0x6b5</load_address>
         <run_address>0x6b5</run_address>
         <size>0x190</size>
         <input_file_ref idref="fl-b0"/>
      </object_component>
      <object_component id="oc-2c">
         <name>.debug_info</name>
         <load_address>0x845</load_address>
         <run_address>0x845</run_address>
         <size>0xf6</size>
         <input_file_ref idref="fl-ae"/>
      </object_component>
      <object_component id="oc-30">
         <name>.debug_info</name>
         <load_address>0x93b</load_address>
         <run_address>0x93b</run_address>
         <size>0x10c</size>
         <input_file_ref idref="fl-92"/>
      </object_component>
      <object_component id="oc-35">
         <name>.debug_info</name>
         <load_address>0xa47</load_address>
         <run_address>0xa47</run_address>
         <size>0xd6</size>
         <input_file_ref idref="fl-9c"/>
      </object_component>
      <object_component id="oc-39">
         <name>.debug_info</name>
         <load_address>0xb1d</load_address>
         <run_address>0xb1d</run_address>
         <size>0x53</size>
         <input_file_ref idref="fl-8b"/>
      </object_component>
      <object_component id="oc-3f">
         <name>.debug_info</name>
         <load_address>0xb70</load_address>
         <run_address>0xb70</run_address>
         <size>0x53</size>
         <input_file_ref idref="fl-8d"/>
      </object_component>
      <object_component id="oc-45">
         <name>.debug_info</name>
         <load_address>0xbc3</load_address>
         <run_address>0xbc3</run_address>
         <size>0x2f2</size>
         <input_file_ref idref="fl-8c"/>
      </object_component>
      <object_component id="oc-49">
         <name>.debug_info</name>
         <load_address>0xeb5</load_address>
         <run_address>0xeb5</run_address>
         <size>0x1d7</size>
         <input_file_ref idref="fl-8c"/>
      </object_component>
      <object_component id="oc-4a">
         <name>.debug_info</name>
         <load_address>0x108c</load_address>
         <run_address>0x108c</run_address>
         <size>0x46</size>
         <input_file_ref idref="fl-8c"/>
      </object_component>
      <object_component id="oc-51">
         <name>.debug_info</name>
         <load_address>0x10d2</load_address>
         <run_address>0x10d2</run_address>
         <size>0x10a</size>
         <input_file_ref idref="fl-8a"/>
      </object_component>
      <object_component id="oc-54">
         <name>.debug_info</name>
         <load_address>0x11dc</load_address>
         <run_address>0x11dc</run_address>
         <size>0x16a</size>
         <input_file_ref idref="fl-9d"/>
      </object_component>
      <object_component id="oc-56">
         <name>.debug_info</name>
         <load_address>0x1346</load_address>
         <run_address>0x1346</run_address>
         <size>0x18e</size>
         <input_file_ref idref="fl-b2"/>
      </object_component>
      <object_component id="oc-5a">
         <name>.debug_info</name>
         <load_address>0x14d4</load_address>
         <run_address>0x14d4</run_address>
         <size>0x164</size>
         <input_file_ref idref="fl-c1"/>
      </object_component>
      <object_component id="oc-5e">
         <name>.debug_info</name>
         <load_address>0x1638</load_address>
         <run_address>0x1638</run_address>
         <size>0x15f</size>
         <input_file_ref idref="fl-b1"/>
      </object_component>
      <object_component id="oc-63">
         <name>.debug_info</name>
         <load_address>0x1797</load_address>
         <run_address>0x1797</run_address>
         <size>0x333a</size>
         <input_file_ref idref="fl-2"/>
      </object_component>
      <object_component id="oc-68">
         <name>.debug_info</name>
         <load_address>0x4ad1</load_address>
         <run_address>0x4ad1</run_address>
         <size>0x94</size>
         <input_file_ref idref="fl-8a"/>
      </object_component>
      <object_component id="oc-6e">
         <name>.debug_info</name>
         <load_address>0x4b65</load_address>
         <run_address>0x4b65</run_address>
         <size>0x127</size>
         <input_file_ref idref="fl-92"/>
      </object_component>
      <object_component id="oc-70">
         <name>.debug_info</name>
         <load_address>0x4c8c</load_address>
         <run_address>0x4c8c</run_address>
         <size>0x11e</size>
         <input_file_ref idref="fl-92"/>
      </object_component>
      <object_component id="oc-74">
         <name>.debug_info</name>
         <load_address>0x4daa</load_address>
         <run_address>0x4daa</run_address>
         <size>0x8d</size>
         <input_file_ref idref="fl-8b"/>
      </object_component>
      <object_component id="oc-7a">
         <name>.debug_info</name>
         <load_address>0x4e37</load_address>
         <run_address>0x4e37</run_address>
         <size>0x46</size>
         <input_file_ref idref="fl-8b"/>
      </object_component>
      <object_component id="oc-7f">
         <name>.debug_info</name>
         <load_address>0x4e7d</load_address>
         <run_address>0x4e7d</run_address>
         <size>0xe5</size>
         <input_file_ref idref="fl-8b"/>
      </object_component>
      <object_component id="oc-80">
         <name>.debug_info</name>
         <load_address>0x4f62</load_address>
         <run_address>0x4f62</run_address>
         <size>0x2c</size>
         <input_file_ref idref="fl-8c"/>
      </object_component>
      <object_component id="oc-85">
         <name>.debug_info</name>
         <load_address>0x4f8e</load_address>
         <run_address>0x4f8e</run_address>
         <size>0x1cd</size>
         <input_file_ref idref="fl-8d"/>
      </object_component>
      <object_component id="oc-8b">
         <name>.debug_info</name>
         <load_address>0x515b</load_address>
         <run_address>0x515b</run_address>
         <size>0x1d9</size>
         <input_file_ref idref="fl-8a"/>
      </object_component>
      <object_component id="oc-92">
         <name>.debug_info</name>
         <load_address>0x5334</load_address>
         <run_address>0x5334</run_address>
         <size>0x110</size>
         <input_file_ref idref="fl-92"/>
      </object_component>
      <object_component id="oc-97">
         <name>.debug_info</name>
         <load_address>0x5444</load_address>
         <run_address>0x5444</run_address>
         <size>0x70</size>
         <input_file_ref idref="fl-9d"/>
      </object_component>
      <object_component id="oc-9d">
         <name>.debug_info</name>
         <load_address>0x54b4</load_address>
         <run_address>0x54b4</run_address>
         <size>0x140</size>
         <input_file_ref idref="fl-b2"/>
      </object_component>
      <object_component id="oc-9f">
         <name>.debug_info</name>
         <load_address>0x55f4</load_address>
         <run_address>0x55f4</run_address>
         <size>0x253</size>
         <input_file_ref idref="fl-c1"/>
      </object_component>
      <object_component id="oc-a2">
         <name>.debug_info</name>
         <load_address>0x5847</load_address>
         <run_address>0x5847</run_address>
         <size>0xe3</size>
         <input_file_ref idref="fl-2"/>
      </object_component>
      <object_component id="oc-a5">
         <name>.debug_info</name>
         <load_address>0x592a</load_address>
         <run_address>0x592a</run_address>
         <size>0x128</size>
         <input_file_ref idref="fl-7"/>
      </object_component>
      <object_component id="oc-a7">
         <name>.debug_info</name>
         <load_address>0x5a52</load_address>
         <run_address>0x5a52</run_address>
         <size>0xe4</size>
         <input_file_ref idref="fl-2"/>
      </object_component>
      <object_component id="oc-a9">
         <name>.debug_info</name>
         <load_address>0x5b36</load_address>
         <run_address>0x5b36</run_address>
         <size>0xf4</size>
         <input_file_ref idref="fl-2"/>
      </object_component>
      <object_component id="oc-ab">
         <name>.debug_info</name>
         <load_address>0x5c2a</load_address>
         <run_address>0x5c2a</run_address>
         <size>0x163</size>
         <input_file_ref idref="fl-9e"/>
      </object_component>
      <object_component id="oc-af">
         <name>.debug_info</name>
         <load_address>0x5d8d</load_address>
         <run_address>0x5d8d</run_address>
         <size>0x113</size>
         <input_file_ref idref="fl-95"/>
      </object_component>
      <object_component id="oc-b3">
         <name>.debug_info</name>
         <load_address>0x5ea0</load_address>
         <run_address>0x5ea0</run_address>
         <size>0x127</size>
         <input_file_ref idref="fl-a5"/>
      </object_component>
      <object_component id="oc-b7">
         <name>.debug_info</name>
         <load_address>0x5fc7</load_address>
         <run_address>0x5fc7</run_address>
         <size>0x191</size>
         <input_file_ref idref="fl-a3"/>
      </object_component>
      <object_component id="oc-bb">
         <name>.debug_info</name>
         <load_address>0x6158</load_address>
         <run_address>0x6158</run_address>
         <size>0x1aa</size>
         <input_file_ref idref="fl-a2"/>
      </object_component>
      <object_component id="oc-bf">
         <name>.debug_info</name>
         <load_address>0x6302</load_address>
         <run_address>0x6302</run_address>
         <size>0xfb</size>
         <input_file_ref idref="fl-91"/>
      </object_component>
      <object_component id="oc-c3">
         <name>.debug_info</name>
         <load_address>0x63fd</load_address>
         <run_address>0x63fd</run_address>
         <size>0x1c3</size>
         <input_file_ref idref="fl-a6"/>
      </object_component>
      <object_component id="oc-c7">
         <name>.debug_info</name>
         <load_address>0x65c0</load_address>
         <run_address>0x65c0</run_address>
         <size>0x196</size>
         <input_file_ref idref="fl-9d"/>
      </object_component>
      <object_component id="oc-cb">
         <name>.debug_info</name>
         <load_address>0x6756</load_address>
         <run_address>0x6756</run_address>
         <size>0x1f9</size>
         <input_file_ref idref="fl-9d"/>
      </object_component>
      <object_component id="oc-cf">
         <name>.debug_info</name>
         <load_address>0x694f</load_address>
         <run_address>0x694f</run_address>
         <size>0x473a</size>
         <input_file_ref idref="fl-7"/>
      </object_component>
      <object_component id="oc-d4">
         <name>.debug_info</name>
         <load_address>0xb089</load_address>
         <run_address>0xb089</run_address>
         <size>0x1a2</size>
         <input_file_ref idref="fl-9b"/>
      </object_component>
      <object_component id="oc-d8">
         <name>.debug_info</name>
         <load_address>0xb22b</load_address>
         <run_address>0xb22b</run_address>
         <size>0x136</size>
         <input_file_ref idref="fl-97"/>
      </object_component>
      <object_component id="oc-dc">
         <name>.debug_info</name>
         <load_address>0xb361</load_address>
         <run_address>0xb361</run_address>
         <size>0x127</size>
         <input_file_ref idref="fl-9f"/>
      </object_component>
      <object_component id="oc-e0">
         <name>.debug_info</name>
         <load_address>0xb488</load_address>
         <run_address>0xb488</run_address>
         <size>0x112</size>
         <input_file_ref idref="fl-93"/>
      </object_component>
      <object_component id="oc-e4">
         <name>.debug_info</name>
         <load_address>0xb59a</load_address>
         <run_address>0xb59a</run_address>
         <size>0xdad</size>
         <input_file_ref idref="fl-2"/>
      </object_component>
      <object_component id="oc-e5">
         <name>.debug_info</name>
         <load_address>0xc347</load_address>
         <run_address>0xc347</run_address>
         <size>0x1d9</size>
         <input_file_ref idref="fl-2"/>
      </object_component>
      <object_component id="oc-ea">
         <name>.debug_info</name>
         <load_address>0xc520</load_address>
         <run_address>0xc520</run_address>
         <size>0x604</size>
         <input_file_ref idref="fl-2"/>
      </object_component>
      <object_component id="oc-ef">
         <name>.debug_info</name>
         <load_address>0xcb24</load_address>
         <run_address>0xcb24</run_address>
         <size>0x94</size>
         <input_file_ref idref="fl-2"/>
      </object_component>
      <object_component id="oc-f4">
         <name>.debug_info</name>
         <load_address>0xcbb8</load_address>
         <run_address>0xcbb8</run_address>
         <size>0x1ca</size>
         <input_file_ref idref="fl-2"/>
      </object_component>
      <object_component id="oc-f9">
         <name>.debug_info</name>
         <load_address>0xcd82</load_address>
         <run_address>0xcd82</run_address>
         <size>0xbb</size>
         <input_file_ref idref="fl-2"/>
      </object_component>
      <object_component id="oc-100">
         <name>.debug_info</name>
         <load_address>0xce3d</load_address>
         <run_address>0xce3d</run_address>
         <size>0x12b</size>
         <input_file_ref idref="fl-92"/>
      </object_component>
      <object_component id="oc-108">
         <name>.debug_info</name>
         <load_address>0xcf68</load_address>
         <run_address>0xcf68</run_address>
         <size>0xcd</size>
         <input_file_ref idref="fl-b2"/>
      </object_component>
      <object_component id="oc-113">
         <name>.debug_info</name>
         <load_address>0xd035</load_address>
         <run_address>0xd035</run_address>
         <size>0x1d9</size>
         <input_file_ref idref="fl-7"/>
      </object_component>
      <object_component id="oc-11d">
         <name>.debug_info</name>
         <load_address>0xd20e</load_address>
         <run_address>0xd20e</run_address>
         <size>0x1ab</size>
         <input_file_ref idref="fl-9e"/>
      </object_component>
      <object_component id="oc-11f">
         <name>.debug_info</name>
         <load_address>0xd3b9</load_address>
         <run_address>0xd3b9</run_address>
         <size>0x31e</size>
         <input_file_ref idref="fl-95"/>
      </object_component>
      <object_component id="oc-123">
         <name>.debug_info</name>
         <load_address>0xd6d7</load_address>
         <run_address>0xd6d7</run_address>
         <size>0x1ab</size>
         <input_file_ref idref="fl-95"/>
      </object_component>
      <object_component id="oc-125">
         <name>.debug_info</name>
         <load_address>0xd882</load_address>
         <run_address>0xd882</run_address>
         <size>0xac</size>
         <input_file_ref idref="fl-a5"/>
      </object_component>
      <object_component id="oc-127">
         <name>.debug_info</name>
         <load_address>0xd92e</load_address>
         <run_address>0xd92e</run_address>
         <size>0x1ba</size>
         <input_file_ref idref="fl-c0"/>
      </object_component>
      <object_component id="oc-12b">
         <name>.debug_info</name>
         <load_address>0xdae8</load_address>
         <run_address>0xdae8</run_address>
         <size>0x1b9</size>
         <input_file_ref idref="fl-bf"/>
      </object_component>
      <object_component id="oc-12f">
         <name>.debug_info</name>
         <load_address>0xdca1</load_address>
         <run_address>0xdca1</run_address>
         <size>0xf3</size>
         <input_file_ref idref="fl-a5"/>
      </object_component>
      <object_component id="oc-131">
         <name>.debug_info</name>
         <load_address>0xdd94</load_address>
         <run_address>0xdd94</run_address>
         <size>0x39</size>
         <input_file_ref idref="fl-a3"/>
      </object_component>
      <object_component id="oc-136">
         <name>.debug_info</name>
         <load_address>0xddcd</load_address>
         <run_address>0xddcd</run_address>
         <size>0x9d</size>
         <input_file_ref idref="fl-a3"/>
      </object_component>
      <object_component id="oc-138">
         <name>.debug_info</name>
         <load_address>0xde6a</load_address>
         <run_address>0xde6a</run_address>
         <size>0x9d</size>
         <input_file_ref idref="fl-a2"/>
      </object_component>
      <object_component id="oc-13a">
         <name>.debug_info</name>
         <load_address>0xdf07</load_address>
         <run_address>0xdf07</run_address>
         <size>0xaa</size>
         <input_file_ref idref="fl-91"/>
      </object_component>
      <object_component id="oc-13c">
         <name>.debug_info</name>
         <load_address>0xdfb1</load_address>
         <run_address>0xdfb1</run_address>
         <size>0x97</size>
         <input_file_ref idref="fl-91"/>
      </object_component>
      <object_component id="oc-13e">
         <name>.debug_info</name>
         <load_address>0xe048</load_address>
         <run_address>0xe048</run_address>
         <size>0xac</size>
         <input_file_ref idref="fl-b3"/>
      </object_component>
      <object_component id="oc-140">
         <name>.debug_info</name>
         <load_address>0xe0f4</load_address>
         <run_address>0xe0f4</run_address>
         <size>0xc9</size>
         <input_file_ref idref="fl-90"/>
      </object_component>
      <object_component id="oc-144">
         <name>.debug_info</name>
         <load_address>0xe1bd</load_address>
         <run_address>0xe1bd</run_address>
         <size>0xc9</size>
         <input_file_ref idref="fl-a1"/>
      </object_component>
      <object_component id="oc-148">
         <name>.debug_info</name>
         <load_address>0xe286</load_address>
         <run_address>0xe286</run_address>
         <size>0x13c</size>
         <input_file_ref idref="fl-a6"/>
      </object_component>
      <object_component id="oc-14a">
         <name>.debug_info</name>
         <load_address>0xe3c2</load_address>
         <run_address>0xe3c2</run_address>
         <size>0xc5</size>
         <input_file_ref idref="fl-ac"/>
      </object_component>
      <object_component id="oc-14c">
         <name>.debug_info</name>
         <load_address>0xe487</load_address>
         <run_address>0xe487</run_address>
         <size>0xfe</size>
         <input_file_ref idref="fl-9d"/>
      </object_component>
      <object_component id="oc-14e">
         <name>.debug_info</name>
         <load_address>0xe585</load_address>
         <run_address>0xe585</run_address>
         <size>0xf0</size>
         <input_file_ref idref="fl-9d"/>
      </object_component>
      <object_component id="oc-152">
         <name>.debug_info</name>
         <load_address>0xe675</load_address>
         <run_address>0xe675</run_address>
         <size>0x140</size>
         <input_file_ref idref="fl-9d"/>
      </object_component>
      <object_component id="oc-156">
         <name>.debug_info</name>
         <load_address>0xe7b5</load_address>
         <run_address>0xe7b5</run_address>
         <size>0x140</size>
         <input_file_ref idref="fl-9d"/>
      </object_component>
      <object_component id="oc-15c">
         <name>.debug_info</name>
         <load_address>0xe8f5</load_address>
         <run_address>0xe8f5</run_address>
         <size>0x2e71</size>
         <input_file_ref idref="fl-d"/>
      </object_component>
      <object_component id="oc-161">
         <name>.debug_info</name>
         <load_address>0x11766</load_address>
         <run_address>0x11766</run_address>
         <size>0x199</size>
         <input_file_ref idref="fl-8e"/>
      </object_component>
      <object_component id="oc-165">
         <name>.debug_info</name>
         <load_address>0x118ff</load_address>
         <run_address>0x118ff</run_address>
         <size>0x106</size>
         <input_file_ref idref="fl-96"/>
      </object_component>
      <object_component id="oc-169">
         <name>.debug_info</name>
         <load_address>0x11a05</load_address>
         <run_address>0x11a05</run_address>
         <size>0x214</size>
         <input_file_ref idref="fl-a4"/>
      </object_component>
      <object_component id="oc-16d">
         <name>.debug_info</name>
         <load_address>0x11c19</load_address>
         <run_address>0x11c19</run_address>
         <size>0xeb2</size>
         <input_file_ref idref="fl-b"/>
      </object_component>
      <object_component id="oc-172">
         <name>.debug_info</name>
         <load_address>0x12acb</load_address>
         <run_address>0x12acb</run_address>
         <size>0x147a</size>
         <input_file_ref idref="fl-c"/>
      </object_component>
      <object_component id="oc-177">
         <name>.debug_info</name>
         <load_address>0x13f45</load_address>
         <run_address>0x13f45</run_address>
         <size>0x4c6</size>
         <input_file_ref idref="fl-8"/>
[...]
         <value>0xc04848c</value>
         <object_component_ref idref="oc-17f"/>
      </symbol>
      <symbol id="sm-c2f">
         <name>NandWriteSpareArea</name>
         <value>0xc048388</value>
         <object_component_ref idref="oc-17f"/>
      </symbol>
      <symbol id="sm-c39">
         <name>evmI2CInit</name>
         <value>0xc051cc0</value>
         <object_component_ref idref="oc-189"/>
      </symbol>
      <symbol id="sm-cb3">
         <name>spi_read_word</name>
         <value>0xc04a588</value>
         <object_component_ref idref="oc-2a7"/>
      </symbol>
      <symbol id="sm-cb4">
         <name>spi_cmd_read</name>
         <value>0xc04a4c8</value>
         <object_component_ref idref="oc-2a7"/>
      </symbol>
      <symbol id="sm-cb5">
         <name>spi_xfer</name>
         <value>0xc04a330</value>
         <object_component_ref idref="oc-2a7"/>
      </symbol>
      <symbol id="sm-cb6">
         <name>spi_cmd_write</name>
         <value>0xc04a528</value>
         <object_component_ref idref="oc-2a7"/>
      </symbol>
      <symbol id="sm-cb7">
         <name>spi_release</name>
         <value>0xc04a318</value>
         <object_component_ref idref="oc-2a7"/>
      </symbol>
      <symbol id="sm-cb8">
         <name>spi_write_word</name>
         <value>0xc04a640</value>
         <object_component_ref idref="oc-2a7"/>
      </symbol>
      <symbol id="sm-cb9">
         <name>spi_cmd</name>
         <value>0xc04a464</value>
         <object_component_ref idref="oc-2a7"/>
      </symbol>
      <symbol id="sm-cba">
         <name>spi_claim</name>
         <value>0xc04a170</value>
         <object_component_ref idref="oc-2a7"/>
      </symbol>
      <symbol id="sm-d1a">
         <name>gpioClearFallingEdgeInterrupt</name>
         <value>0xc0495a4</value>
         <object_component_ref idref="oc-2ca"/>
      </symbol>
      <symbol id="sm-d1b">
         <name>gpioSetFallingEdgeInterrupt</name>
         <value>0xc04958c</value>
         <object_component_ref idref="oc-2ca"/>
      </symbol>
      <symbol id="sm-d1c">
         <name>gpioReadDataBus</name>
         <value>0xc049514</value>
         <object_component_ref idref="oc-2ca"/>
      </symbol>
      <symbol id="sm-d1d">
         <name>gpioSetDataBus</name>
         <value>0xc0494f4</value>
         <object_component_ref idref="oc-2ca"/>
      </symbol>
      <symbol id="sm-d1e">
         <name>gpioSetDataBusDirection</name>
         <value>0xc0493e0</value>
         <object_component_ref idref="oc-2ca"/>
      </symbol>
      <symbol id="sm-d1f">
         <name>gpioSetRisingEdgeInterrupt</name>
         <value>0xc049560</value>
         <object_component_ref idref="oc-2ca"/>
      </symbol>
      <symbol id="sm-d20">
         <name>gpioWriteDataBus</name>
         <value>0xc0494a4</value>
         <object_component_ref idref="oc-2ca"/>
      </symbol>
      <symbol id="sm-d21">
         <name>gpioClearRisingEdgeInterrupt</name>
         <value>0xc049574</value>
         <object_component_ref idref="oc-2ca"/>
      </symbol>
      <symbol id="sm-d22">
         <name>gpioClearOutput</name>
         <value>0xc049438</value>
         <object_component_ref idref="oc-2ca"/>
      </symbol>
      <symbol id="sm-d23">
         <name>gpioClearDataBus</name>
         <value>0xc0494d8</value>
         <object_component_ref idref="oc-2ca"/>
      </symbol>
      <symbol id="sm-d24">
         <name>gpioDisableGlobalInterrupt</name>
         <value>0xc04954c</value>
         <object_component_ref idref="oc-2ca"/>
      </symbol>
      <symbol id="sm-d25">
         <name>gpioSetDirection</name>
         <value>0xc0493a4</value>
         <object_component_ref idref="oc-2ca"/>
      </symbol>
      <symbol id="sm-d26">
         <name>gpioInit</name>
         <value>0xc049328</value>
         <object_component_ref idref="oc-2ca"/>
      </symbol>
      <symbol id="sm-d27">
         <name>gpioEnableGlobalInterrupt</name>
         <value>0xc049538</value>
         <object_component_ref idref="oc-2ca"/>
      </symbol>
      <symbol id="sm-d28">
         <name>gpioReadInput</name>
         <value>0xc049450</value>
         <object_component_ref idref="oc-2ca"/>
      </symbol>
      <symbol id="sm-d29">
         <name>gpioSetOutput</name>
         <value>0xc049424</value>
         <object_component_ref idref="oc-2ca"/>
      </symbol>
      <symbol id="sm-d9f">
         <name>eccCorrectData</name>
         <value>0xc048a84</value>
         <object_component_ref idref="oc-2cf"/>
      </symbol>
      <symbol id="sm-da0">
         <name>eccComputeECC</name>
         <value>0xc048934</value>
         <object_component_ref idref="oc-2cf"/>
      </symbol>
      <symbol id="sm-dbb">
         <name>_c_int00</name>
         <value>0xc051b40</value>
         <object_component_ref idref="oc-13"/>
      </symbol>
      <symbol id="sm-dbc">
         <name>_stack</name>
         <value>0xc052500</value>
         <object_component_ref idref="oc-23"/>
      </symbol>
      <symbol id="sm-dd5">
         <name>__TI_decompress_none</name>
         <value>0xc0524a0</value>
         <object_component_ref idref="oc-17"/>
      </symbol>
      <symbol id="sm-df6">
         <name>__TI_decompress_rle24</name>
         <value>0xc0524c0</value>
         <object_component_ref idref="oc-1f"/>
      </symbol>
      <symbol id="sm-e06">
         <name>__TI_zero_init</name>
         <value>0xc0506a0</value>
         <object_component_ref idref="oc-1b"/>
      </symbol>
      <symbol id="sm-e19">
         <name>__c6xabi_divd</name>
         <value>0xc0495c0</value>
         <object_component_ref idref="oc-160"/>
      </symbol>
      <symbol id="sm-e21">
         <name>__c6xabi_divi</name>
         <value>0xc050320</value>
         <object_component_ref idref="oc-286"/>
      </symbol>
      <symbol id="sm-e22">
         <name>__divi</name>
         <value>0xc050320</value>
         <object_component_ref idref="oc-286"/>
      </symbol>
      <symbol id="sm-e2a">
         <name>__c6xabi_divu</name>
         <value>0xc050c60</value>
         <object_component_ref idref="oc-13f"/>
      </symbol>
      <symbol id="sm-e2b">
         <name>__divu</name>
         <value>0xc050c60</value>
         <object_component_ref idref="oc-13f"/>
      </symbol>
      <symbol id="sm-e39">
         <name>__errno</name>
         <value>0xc05ec2c</value>
         <object_component_ref idref="oc-139"/>
      </symbol>
      <symbol id="sm-e3a">
         <name>errno</name>
         <value>0xc05ec2c</value>
         <object_component_ref idref="oc-139"/>
      </symbol>
      <symbol id="sm-e3b">
         <name>__c6xabi_errno_addr</name>
         <value>0xc0523c0</value>
         <object_component_ref idref="oc-be"/>
      </symbol>
      <symbol id="sm-e5a">
         <name>C$$EXIT</name>
         <value>0xc052480</value>
         <object_component_ref idref="oc-6f"/>
      </symbol>
      <symbol id="sm-e5b">
         <name>_dtors_ptr</name>
         <value>0xc05ec0c</value>
         <object_component_ref idref="oc-6d"/>
      </symbol>
      <symbol id="sm-e5c">
         <name>abort</name>
         <value>0xc052480</value>
         <object_component_ref idref="oc-6f"/>
      </symbol>
      <symbol id="sm-e5d">
         <name>_cleanup_ptr</name>
         <value>0xc05ec08</value>
         <object_component_ref idref="oc-6d"/>
      </symbol>
      <symbol id="sm-e5e">
         <name>exit</name>
         <value>0xc050ea0</value>
         <object_component_ref idref="oc-2f"/>
      </symbol>
      <symbol id="sm-e5f">
         <name>__TI_enable_exit_profile_output</name>
         <value>0xc05ec10</value>
         <object_component_ref idref="oc-6d"/>
      </symbol>
      <symbol id="sm-e87">
         <name>_closefile</name>
         <value>0xc04f9c0</value>
         <object_component_ref idref="oc-1e9"/>
      </symbol>
      <symbol id="sm-e88">
         <name>fclose</name>
         <value>0xc051f40</value>
         <object_component_ref idref="oc-df"/>
      </symbol>
      <symbol id="sm-e95">
         <name>_doflush</name>
         <value>0xc050d20</value>
         <object_component_ref idref="oc-369"/>
      </symbol>
      <symbol id="sm-ec3">
         <name>fgets</name>
         <value>0xc0524e0</value>
         <object_component_ref idref="oc-ae"/>
      </symbol>
      <symbol id="sm-ecd">
         <name>__c6xabi_fixdu</name>
         <value>0xc051a40</value>
         <object_component_ref idref="oc-164"/>
      </symbol>
      <symbol id="sm-efc">
         <name>fopen</name>
         <value>0xc051fa0</value>
         <object_component_ref idref="oc-d7"/>
      </symbol>
      <symbol id="sm-efd">
         <name>_cleanup</name>
         <value>0xc051220</value>
         <object_component_ref idref="oc-338"/>
      </symbol>
      <symbol id="sm-f04">
         <name>__c6xabi_frcmpyd_div</name>
         <value>0xc051e20</value>
         <object_component_ref idref="oc-29a"/>
      </symbol>
      <symbol id="sm-f1a">
         <name>__c6xabi_llshru</name>
         <value>0xc051e80</value>
         <object_component_ref idref="oc-296"/>
      </symbol>
      <symbol id="sm-f1b">
         <name>__c6xabi_llshl</name>
         <value>0xc051ac0</value>
         <object_component_ref idref="oc-652"/>
      </symbol>
      <symbol id="sm-f92">
         <name>open</name>
         <value>0xc04f4a0</value>
         <object_component_ref idref="oc-33c"/>
      </symbol>
      <symbol id="sm-f93">
         <name>lseek</name>
         <value>0xc0515e0</value>
         <object_component_ref idref="oc-5eb"/>
      </symbol>
      <symbol id="sm-f94">
         <name>read</name>
         <value>0xc051860</value>
         <object_component_ref idref="oc-257"/>
      </symbol>
      <symbol id="sm-f95">
         <name>write</name>
         <value>0xc0519a0</value>
         <object_component_ref idref="oc-4e5"/>
      </symbol>
      <symbol id="sm-f96">
         <name>close</name>
         <value>0xc0505c0</value>
         <object_component_ref idref="oc-36d"/>
      </symbol>
      <symbol id="sm-f97">
         <name>unlink</name>
         <value>0xc051d40</value>
         <object_component_ref idref="oc-371"/>
      </symbol>
      <symbol id="sm-fa8">
         <name>memcmp</name>
         <value>0xc052060</value>
         <object_component_ref idref="oc-d3"/>
      </symbol>
      <symbol id="sm-faf">
         <name>memcpy</name>
         <value>0xc051680</value>
         <object_component_ref idref="oc-34"/>
      </symbol>
      <symbol id="sm-1000">
         <name>_sys_memory</name>
         <value>0xc000000</value>
         <object_component_ref idref="oc-25"/>
      </symbol>
      <symbol id="sm-1001">
         <name>free</name>
         <value>0xc04d960</value>
         <object_component_ref idref="oc-ca"/>
      </symbol>
      <symbol id="sm-1002">
         <name>malloc</name>
         <value>0xc04f320</value>
         <object_component_ref idref="oc-c6"/>
      </symbol>
      <symbol id="sm-1003">
         <name>_minit</name>
         <value>0xc051400</value>
         <object_component_ref idref="oc-14d"/>
      </symbol>
      <symbol id="sm-100e">
         <name>memset</name>
         <value>0xc050860</value>
         <object_component_ref idref="oc-aa"/>
      </symbol>
      <symbol id="sm-1029">
         <name>printf</name>
         <value>0xc050940</value>
         <object_component_ref idref="oc-db"/>
      </symbol>
      <symbol id="sm-1032">
         <name>__remu</name>
         <value>0xc051180</value>
         <object_component_ref idref="oc-143"/>
      </symbol>
      <symbol id="sm-1033">
         <name>__c6xabi_remu</name>
         <value>0xc051180</value>
         <object_component_ref idref="oc-143"/>
      </symbol>
      <symbol id="sm-103e">
         <name>strcmp</name>
         <value>0xc052340</value>
         <object_component_ref idref="oc-ba"/>
      </symbol>
      <symbol id="sm-104d">
         <name>strlen</name>
         <value>0xc052380</value>
         <object_component_ref idref="oc-b6"/>
      </symbol>
      <symbol id="sm-105e">
         <name>strncpy</name>
         <value>0xc051c40</value>
         <object_component_ref idref="oc-168"/>
      </symbol>
      <symbol id="sm-106f">
         <name>strtok</name>
         <value>0xc050f60</value>
         <object_component_ref idref="oc-b2"/>
      </symbol>
      <symbol id="sm-1088">
         <name>strtol</name>
         <value>0xc04c3c0</value>
         <object_component_ref idref="oc-c2"/>
      </symbol>
      <symbol id="sm-10c5">
         <name>HOSTrename</name>
         <value>0xc04ee60</value>
         <object_component_ref idref="oc-5cc"/>
      </symbol>
      <symbol id="sm-10c6">
         <name>HOSTclose</name>
         <value>0xc0510e0</value>
         <object_component_ref idref="oc-5b8"/>
      </symbol>
      <symbol id="sm-10c7">
         <name>HOSTunlink</name>
         <value>0xc050ae0</value>
         <object_component_ref idref="oc-5c8"/>
      </symbol>
      <symbol id="sm-10c8">
         <name>HOSTlseek</name>
         <value>0xc04fe40</value>
         <object_component_ref idref="oc-5c4"/>
      </symbol>
      <symbol id="sm-10c9">
         <name>HOSTopen</name>
         <value>0xc050240</value>
         <object_component_ref idref="oc-5b4"/>
      </symbol>
      <symbol id="sm-10ca">
         <name>HOSTwrite</name>
         <value>0xc050ba0</value>
         <object_component_ref idref="oc-5c0"/>
      </symbol>
      <symbol id="sm-10cb">
         <name>HOSTread</name>
         <value>0xc050a20</value>
         <object_component_ref idref="oc-5bc"/>
      </symbol>
      <symbol id="sm-10e0">
         <name>writemsg</name>
         <value>0xc0521e0</value>
         <object_component_ref idref="oc-621"/>
      </symbol>
      <symbol id="sm-10e1">
         <name>C$$IO$$</name>
         <value>0xc052238</value>
         <object_component_ref idref="oc-621"/>
      </symbol>
      <symbol id="sm-10e2">
         <name>__CIOBUF_</name>
         <value>0xc05edd0</value>
         <object_component_ref idref="oc-648"/>
      </symbol>
      <symbol id="sm-10e3">
         <name>readmsg</name>
         <value>0xc051bc0</value>
         <object_component_ref idref="oc-625"/>
      </symbol>
      <symbol id="sm-10f9">
         <name>vsprintf</name>
         <value>0xc052180</value>
         <object_component_ref idref="oc-17b"/>
      </symbol>
      <symbol id="sm-1107">
         <name>_buff_read</name>
         <value>0xc04f8a0</value>
         <object_component_ref idref="oc-253"/>
      </symbol>
      <symbol id="sm-111e">
         <name>_wrt_ok</name>
         <value>0xc050040</value>
         <object_component_ref idref="oc-4e1"/>
      </symbol>
      <symbol id="sm-111f">
         <name>_rd_ok</name>
         <value>0xc050de0</value>
         <object_component_ref idref="oc-24f"/>
      </symbol>
      <symbol id="sm-112d">
         <name>_nop</name>
         <value>0xc052400</value>
         <object_component_ref idref="oc-27a"/>
      </symbol>
      <symbol id="sm-112e">
         <name>_lock</name>
         <value>0xc05ec20</value>
         <object_component_ref idref="oc-149"/>
      </symbol>
      <symbol id="sm-112f">
         <name>_unlock</name>
         <value>0xc05ec24</value>
         <object_component_ref idref="oc-149"/>
      </symbol>
      <symbol id="sm-1274">
         <name>_printfi</name>
         <value>0xc04bb60</value>
         <object_component_ref idref="oc-1e3"/>
      </symbol>
      <symbol id="sm-127b">
         <name>_args_main</name>
         <value>0xc0522c0</value>
         <object_component_ref idref="oc-2b"/>
      </symbol>
      <symbol id="sm-1289">
         <name>atoi</name>
         <value>0xc0504e0</value>
         <object_component_ref idref="oc-4ee"/>
      </symbol>
      <symbol id="sm-1295">
         <name>_auto_init_elf</name>
         <value>0xc04ff40</value>
         <object_component_ref idref="oc-27"/>
      </symbol>
      <symbol id="sm-129f">
         <name>__TI_cpp_init</name>
         <value>0xc051dc0</value>
         <object_component_ref idref="oc-5d"/>
      </symbol>
      <symbol id="sm-12b4">
         <name>copy_in</name>
         <value>0xc050140</value>
         <object_component_ref idref="oc-55"/>
      </symbol>
      <symbol id="sm-12bd">
         <name>_ctypes_</name>
         <value>0xc05e748</value>
         <object_component_ref idref="oc-13d"/>
      </symbol>
      <symbol id="sm-12ce">
         <name>_tmpnams</name>
         <value>0xc05ec40</value>
         <object_component_ref idref="oc-375"/>
      </symbol>
      <symbol id="sm-12cf">
         <name>_ftable</name>
         <value>0xc05e8e8</value>
         <object_component_ref idref="oc-1d9"/>
      </symbol>
      <symbol id="sm-12d0">
         <name>_ft_end</name>
         <value>0xc05ec28</value>
         <object_component_ref idref="oc-335"/>
      </symbol>
      <symbol id="sm-12eb">
         <name>fputc</name>
         <value>0xc04e4c0</value>
         <object_component_ref idref="oc-34b"/>
      </symbol>
      <symbol id="sm-130a">
         <name>fputs</name>
         <value>0xc04c780</value>
         <object_component_ref idref="oc-346"/>
      </symbol>
      <symbol id="sm-131b">
         <name>fseek</name>
         <value>0xc04fd20</value>
         <object_component_ref idref="oc-580"/>
      </symbol>
      <symbol id="sm-1324">
         <name>__c6xabi_divul</name>
         <value>0xc04f000</value>
         <object_component_ref idref="oc-63d"/>
      </symbol>
      <symbol id="sm-1337">
         <name>_subcull</name>
         <value>0xc051ee0</value>
         <object_component_ref idref="oc-656"/>
      </symbol>
      <symbol id="sm-1338">
         <name>__c6xabi_divull</name>
         <value>0xc04dbe0</value>
         <object_component_ref idref="oc-641"/>
      </symbol>
      <symbol id="sm-133f">
         <name>__c6xabi_isinf</name>
         <value>0xc052240</value>
         <object_component_ref idref="oc-590"/>
      </symbol>
      <symbol id="sm-1349">
         <name>ltoa</name>
         <value>0xc050780</value>
         <object_component_ref idref="oc-634"/>
      </symbol>
      <symbol id="sm-1356">
         <name>memccpy</name>
         <value>0xc052000</value>
         <object_component_ref idref="oc-4fb"/>
      </symbol>
      <symbol id="sm-1362">
         <name>__c6xabi_negll</name>
         <value>0xc0523e0</value>
         <object_component_ref idref="oc-5a5"/>
      </symbol>
      <symbol id="sm-1378">
         <name>setvbuf</name>
         <value>0xc04e8e0</value>
         <object_component_ref idref="oc-37f"/>
      </symbol>
      <symbol id="sm-1386">
         <name>strcspn</name>
         <value>0xc0520c0</value>
         <object_component_ref idref="oc-12a"/>
      </symbol>
      <symbol id="sm-1392">
         <name>strspn</name>
         <value>0xc051900</value>
         <object_component_ref idref="oc-126"/>
      </symbol>
      <symbol id="sm-139f">
         <name>__TI_tls_init</name>
         <value>0xc051020</value>
         <object_component_ref idref="oc-59"/>
      </symbol>
      <symbol id="sm-13a2">
         <name>__TI_STATIC_BASE</name>
         <value>0xc05ef00</value>
      </symbol>
      <symbol id="sm-13a3">
         <name>__TI_args_main</name>
         <value>0x1</value>
      </symbol>
      <symbol id="sm-13a4">
         <name>__TI_INITARRAY_Base</name>
         <value>0x0</value>
      </symbol>
      <symbol id="sm-13a5">
         <name>__TI_INITARRAY_Limit</name>
         <value>0x0</value>
      </symbol>
      <symbol id="sm-13a6">
         <name>__TI_TLS_INIT_Base</name>
         <value>0x0</value>
      </symbol>
      <symbol id="sm-13a7">
         <name>__TI_TLS_INIT_Limit</name>
         <value>0x0</value>
      </symbol>
      <symbol id="sm-13aa">
         <name>remove</name>
         <value>0xc051d40</value>
      </symbol>
   </symbol_table>
</link_info>
