<?xml version="1.0"?>
<link_info>
   <banner>TMS320C6x Linker PC v7.4.4</banner>
   <copyright>Copyright (c) 1996-2013 Texas Instruments Incorporated</copyright>
   <link_time>0x530cc531</link_time>
   <output_file>queue1.out</output_file>
   <entry_point>
      <name>_c_int00</name>
      <address>0x1be00</address>
   </entry_point>
   <input_file_list>
      <input_file id="fl-2">
         <path>.\</path>
         <kind>object</kind>
         <file>main.obj</file>
         <name>main.obj</name>
      </input_file>
      <input_file id="fl-7c">
         <path>C:\ti\ccsv5\tools\compiler\c6000_7.4.4\lib\</path>
         <kind>archive</kind>
         <file>rts6600_elf.lib</file>
         <name>boot.obj</name>
      </input_file>
      <input_file id="fl-7d">
         <path>C:\ti\ccsv5\tools\compiler\c6000_7.4.4\lib\</path>
         <kind>archive</kind>
         <file>rts6600_elf.lib</file>
         <name>copy_decompress_none.obj</name>
      </input_file>
      <input_file id="fl-7e">
         <path>C:\ti\ccsv5\tools\compiler\c6000_7.4.4\lib\</path>
         <kind>archive</kind>
         <file>rts6600_elf.lib</file>
         <name>copy_decompress_rle.obj</name>
      </input_file>
      <input_file id="fl-7f">
         <path>C:\ti\ccsv5\tools\compiler\c6000_7.4.4\lib\</path>
         <kind>archive</kind>
         <file>rts6600_elf.lib</file>
         <name>copy_zero_init.obj</name>
      </input_file>
      <input_file id="fl-80">
         <path>C:\ti\ccsv5\tools\compiler\c6000_7.4.4\lib\</path>
         <kind>archive</kind>
         <file>rts6600_elf.lib</file>
         <name>exit.obj</name>
      </input_file>
      <input_file id="fl-81">
         <path>C:\ti\ccsv5\tools\compiler\c6000_7.4.4\lib\</path>
         <kind>archive</kind>
         <file>rts6600_elf.lib</file>
         <name>memcpy64.obj</name>
      </input_file>
      <input_file id="fl-82">
         <path>C:\ti\ccsv5\tools\compiler\c6000_7.4.4\lib\</path>
         <kind>archive</kind>
         <file>rts6600_elf.lib</file>
         <name>memset.obj</name>
      </input_file>
      <input_file id="fl-83">
         <path>C:\ti\ccsv5\tools\compiler\c6000_7.4.4\lib\</path>
         <kind>archive</kind>
         <file>rts6600_elf.lib</file>
         <name>args_main.obj</name>
      </input_file>
      <input_file id="fl-84">
         <path>C:\ti\ccsv5\tools\compiler\c6000_7.4.4\lib\</path>
         <kind>archive</kind>
         <file>rts6600_elf.lib</file>
         <name>autoinit.obj</name>
      </input_file>
      <input_file id="fl-85">
         <path>C:\ti\ccsv5\tools\compiler\c6000_7.4.4\lib\</path>
         <kind>archive</kind>
         <file>rts6600_elf.lib</file>
         <name>cpp_init.obj</name>
      </input_file>
      <input_file id="fl-86">
         <path>C:\ti\ccsv5\tools\compiler\c6000_7.4.4\lib\</path>
         <kind>archive</kind>
         <file>rts6600_elf.lib</file>
         <name>cpy_tbl.obj</name>
      </input_file>
      <input_file id="fl-87">
         <path>C:\ti\ccsv5\tools\compiler\c6000_7.4.4\lib\</path>
         <kind>archive</kind>
         <file>rts6600_elf.lib</file>
         <name>tls.obj</name>
      </input_file>
      <input_file id="fl-88">
         <path>C:\ti\ccsv5\tools\compiler\c6000_7.4.4\lib\</path>
         <kind>archive</kind>
         <file>rts6600_elf.lib</file>
         <name>tls_get_tp.obj</name>
      </input_file>
   </input_file_list>
   <object_component_list>
      <object_component id="oc-85">
         <name>.bss</name>
         <uninitialized>true</uninitialized>
         <run_address>0x8</run_address>
         <size>0x8</size>
         <input_file_ref idref="fl-2"/>
      </object_component>
      <object_component id="oc-4c">
         <name>.text</name>
         <load_address>0x1a540</load_address>
         <run_address>0x1a540</run_address>
         <size>0x1160</size>
         <input_file_ref idref="fl-2"/>
      </object_component>
      <object_component id="oc-31">
         <name>.text:__TI_decompress_rle_core</name>
         <load_address>0x1b6a0</load_address>
         <run_address>0x1b6a0</run_address>
         <size>0x180</size>
         <input_file_ref idref="fl-7e"/>
      </object_component>
      <object_component id="oc-14">
         <name>.text:_auto_init_elf</name>
         <load_address>0x1b820</load_address>
         <run_address>0x1b820</run_address>
         <size>0x100</size>
         <input_file_ref idref="fl-84"/>
      </object_component>
      <object_component id="oc-3f">
         <name>.text:copy_in</name>
         <load_address>0x1b920</load_address>
         <run_address>0x1b920</run_address>
         <size>0x100</size>
         <input_file_ref idref="fl-86"/>
      </object_component>
      <object_component id="oc-a">
         <name>.text:decompress:ZI:__TI_zero_init</name>
         <load_address>0x1ba20</load_address>
         <run_address>0x1ba20</run_address>
         <size>0xe0</size>
         <input_file_ref idref="fl-7f"/>
      </object_component>
      <object_component id="oc-7f">
         <name>.text:memset</name>
         <load_address>0x1bb00</load_address>
         <run_address>0x1bb00</run_address>
         <size>0xe0</size>
         <input_file_ref idref="fl-82"/>
      </object_component>
      <object_component id="oc-1c">
         <name>.text:exit</name>
         <load_address>0x1bbe0</load_address>
         <run_address>0x1bbe0</run_address>
         <size>0xc0</size>
         <input_file_ref idref="fl-80"/>
      </object_component>
      <object_component id="oc-43">
         <name>.text:tls:init:__TI_tls_init</name>
         <load_address>0x1bca0</load_address>
         <run_address>0x1bca0</run_address>
         <size>0xc0</size>
         <input_file_ref idref="fl-87"/>
      </object_component>
      <object_component id="oc-21">
         <name>.text:memcpy</name>
         <load_address>0x1bd60</load_address>
         <run_address>0x1bd60</run_address>
         <size>0xa0</size>
         <input_file_ref idref="fl-81"/>
      </object_component>
      <object_component id="oc-2">
         <name>.text:_c_int00</name>
         <load_address>0x1be00</load_address>
         <run_address>0x1be00</run_address>
         <size>0x80</size>
         <input_file_ref idref="fl-7c"/>
      </object_component>
      <object_component id="oc-47">
         <name>.text:__TI_cpp_init</name>
         <load_address>0x1be80</load_address>
         <run_address>0x1be80</run_address>
         <size>0x60</size>
         <input_file_ref idref="fl-85"/>
      </object_component>
      <object_component id="oc-18">
         <name>.text:_args_main</name>
         <load_address>0x1bee0</load_address>
         <run_address>0x1bee0</run_address>
         <size>0x40</size>
         <input_file_ref idref="fl-83"/>
      </object_component>
      <object_component id="oc-59">
         <name>.text:abort</name>
         <load_address>0x1bf20</load_address>
         <run_address>0x1bf20</run_address>
         <size>0x20</size>
         <input_file_ref idref="fl-80"/>
      </object_component>
      <object_component id="oc-6">
         <name>.text:decompress:none:__TI_decompress_none</name>
         <load_address>0x1bf40</load_address>
         <run_address>0x1bf40</run_address>
         <size>0x20</size>
         <input_file_ref idref="fl-7d"/>
      </object_component>
      <object_component id="oc-e">
         <name>.text:decompress:rle24:__TI_decompress_rle24</name>
         <load_address>0x1bf60</load_address>
         <run_address>0x1bf60</run_address>
         <size>0x20</size>
         <input_file_ref idref="fl-7e"/>
      </object_component>
      <object_component id="oc-57">
         <name>.fardata</name>
         <load_address>0x1a530</load_address>
         <run_address>0x1a530</run_address>
         <size>0xc</size>
         <input_file_ref idref="fl-80"/>
      </object_component>
      <object_component id="oc-f7">
         <name>.cinit..fardata.load</name>
         <load_address>0x1c380</load_address>
         <run_address>0x1c380</run_address>
         <size>0xd</size>
      </object_component>
      <object_component id="oc-f4">
         <name>__TI_handler_table</name>
         <load_address>0x1c390</load_address>
         <run_address>0x1c390</run_address>
         <size>0xc</size>
      </object_component>
      <object_component id="oc-f6">
         <name>.cinit..bss.load</name>
         <load_address>0x1c39c</load_address>
         <run_address>0x1c39c</run_address>
         <size>0x8</size>
      </object_component>
      <object_component id="oc-f8">
         <name>.cinit..far.load</name>
         <load_address>0x1c3a4</load_address>
         <run_address>0x1c3a4</run_address>
         <size>0x8</size>
      </object_component>
      <object_component id="oc-f5">
         <name>__TI_cinit_table</name>
         <load_address>0x1c3ac</load_address>
         <run_address>0x1c3ac</run_address>
         <size>0x18</size>
      </object_component>
      <object_component id="oc-12">
         <name>.stack</name>
         <uninitialized>true</uninitialized>
         <run_address>0x1bf80</run_address>
         <size>0x8</size>
         <input_file_ref idref="fl-7c"/>
      </object_component>
      <object_component id="oc-f9">
         <name>.stack</name>
         <uninitialized>true</uninitialized>
         <run_address>0x1bf80</run_address>
         <size>0x0</size>
      </object_component>
      <object_component id="oc-83">
         <name>.far</name>
         <uninitialized>true</uninitialized>
         <run_address>0x8000</run_address>
         <size>0x1252c</size>
         <input_file_ref idref="fl-2"/>
      </object_component>
      <object_component id="oc-3">
         <name>.debug_info</name>
         <load_address>0x0</load_address>
         <run_address>0x0</run_address>
         <size>0x110</size>
         <input_file_ref idref="fl-7c"/>
      </object_component>
      <object_component id="oc-7">
         <name>.debug_info</name>
         <load_address>0x110</load_address>
         <run_address>0x110</run_address>
         <size>0x14f</size>
         <input_file_ref idref="fl-7d"/>
      </object_component>
      <object_component id="oc-b">
         <name>.debug_info</name>
         <load_address>0x25f</load_address>
         <run_address>0x25f</run_address>
         <size>0x190</size>
         <input_file_ref idref="fl-7f"/>
      </object_component>
      <object_component id="oc-f">
         <name>.debug_info</name>
         <load_address>0x3ef</load_address>
         <run_address>0x3ef</run_address>
         <size>0x16c</size>
         <input_file_ref idref="fl-7e"/>
      </object_component>
      <object_component id="oc-13">
         <name>.debug_info</name>
         <load_address>0x55b</load_address>
         <run_address>0x55b</run_address>
         <size>0xa7</size>
         <input_file_ref idref="fl-7c"/>
      </object_component>
      <object_component id="oc-15">
         <name>.debug_info</name>
         <load_address>0x602</load_address>
         <run_address>0x602</run_address>
         <size>0x190</size>
         <input_file_ref idref="fl-84"/>
      </object_component>
      <object_component id="oc-19">
         <name>.debug_info</name>
         <load_address>0x792</load_address>
         <run_address>0x792</run_address>
         <size>0xf6</size>
         <input_file_ref idref="fl-83"/>
      </object_component>
      <object_component id="oc-1d">
         <name>.debug_info</name>
         <load_address>0x888</load_address>
         <run_address>0x888</run_address>
         <size>0x10c</size>
         <input_file_ref idref="fl-80"/>
      </object_component>
      <object_component id="oc-22">
         <name>.debug_info</name>
         <load_address>0x994</load_address>
         <run_address>0x994</run_address>
         <size>0xd6</size>
         <input_file_ref idref="fl-81"/>
      </object_component>
      <object_component id="oc-26">
         <name>.debug_info</name>
         <load_address>0xa6a</load_address>
         <run_address>0xa6a</run_address>
         <size>0x53</size>
         <input_file_ref idref="fl-7d"/>
      </object_component>
      <object_component id="oc-2c">
         <name>.debug_info</name>
         <load_address>0xabd</load_address>
         <run_address>0xabd</run_address>
         <size>0x53</size>
         <input_file_ref idref="fl-7f"/>
      </object_component>
      <object_component id="oc-32">
         <name>.debug_info</name>
         <load_address>0xb10</load_address>
         <run_address>0xb10</run_address>
         <size>0x2f2</size>
         <input_file_ref idref="fl-7e"/>
      </object_component>
      <object_component id="oc-36">
         <name>.debug_info</name>
         <load_address>0xe02</load_address>
         <run_address>0xe02</run_address>
         <size>0x1d7</size>
         <input_file_ref idref="fl-7e"/>
      </object_component>
      <object_component id="oc-37">
         <name>.debug_info</name>
         <load_address>0xfd9</load_address>
         <run_address>0xfd9</run_address>
         <size>0x46</size>
         <input_file_ref idref="fl-7e"/>
      </object_component>
      <object_component id="oc-3e">
         <name>.debug_info</name>
         <load_address>0x101f</load_address>
         <run_address>0x101f</run_address>
         <size>0x10a</size>
         <input_file_ref idref="fl-7c"/>
      </object_component>
      <object_component id="oc-40">
         <name>.debug_info</name>
         <load_address>0x1129</load_address>
         <run_address>0x1129</run_address>
         <size>0x18e</size>
         <input_file_ref idref="fl-86"/>
      </object_component>
      <object_component id="oc-44">
         <name>.debug_info</name>
         <load_address>0x12b7</load_address>
         <run_address>0x12b7</run_address>
         <size>0x164</size>
         <input_file_ref idref="fl-87"/>
      </object_component>
      <object_component id="oc-48">
         <name>.debug_info</name>
         <load_address>0x141b</load_address>
         <run_address>0x141b</run_address>
         <size>0x15f</size>
         <input_file_ref idref="fl-85"/>
      </object_component>
      <object_component id="oc-4d">
         <name>.debug_info</name>
         <load_address>0x157a</load_address>
         <run_address>0x157a</run_address>
         <size>0x215b</size>
         <input_file_ref idref="fl-2"/>
      </object_component>
      <object_component id="oc-52">
         <name>.debug_info</name>
         <load_address>0x36d5</load_address>
         <run_address>0x36d5</run_address>
         <size>0x94</size>
         <input_file_ref idref="fl-7c"/>
      </object_component>
      <object_component id="oc-58">
         <name>.debug_info</name>
         <load_address>0x3769</load_address>
         <run_address>0x3769</run_address>
         <size>0x127</size>
         <input_file_ref idref="fl-80"/>
      </object_component>
      <object_component id="oc-5a">
         <name>.debug_info</name>
         <load_address>0x3890</load_address>
         <run_address>0x3890</run_address>
         <size>0x11e</size>
         <input_file_ref idref="fl-80"/>
      </object_component>
      <object_component id="oc-5e">
         <name>.debug_info</name>
         <load_address>0x39ae</load_address>
         <run_address>0x39ae</run_address>
         <size>0x8d</size>
         <input_file_ref idref="fl-7d"/>
      </object_component>
      <object_component id="oc-64">
         <name>.debug_info</name>
         <load_address>0x3a3b</load_address>
         <run_address>0x3a3b</run_address>
         <size>0x46</size>
         <input_file_ref idref="fl-7d"/>
      </object_component>
      <object_component id="oc-69">
         <name>.debug_info</name>
         <load_address>0x3a81</load_address>
         <run_address>0x3a81</run_address>
         <size>0xe5</size>
         <input_file_ref idref="fl-7d"/>
      </object_component>
      <object_component id="oc-6a">
         <name>.debug_info</name>
         <load_address>0x3b66</load_address>
         <run_address>0x3b66</run_address>
         <size>0x2c</size>
         <input_file_ref idref="fl-7e"/>
      </object_component>
      <object_component id="oc-6f">
         <name>.debug_info</name>
         <load_address>0x3b92</load_address>
         <run_address>0x3b92</run_address>
         <size>0x1cd</size>
         <input_file_ref idref="fl-7f"/>
      </object_component>
      <object_component id="oc-75">
         <name>.debug_info</name>
         <load_address>0x3d5f</load_address>
         <run_address>0x3d5f</run_address>
         <size>0x1d9</size>
         <input_file_ref idref="fl-7c"/>
      </object_component>
      <object_component id="oc-7b">
         <name>.debug_info</name>
         <load_address>0x3f38</load_address>
         <run_address>0x3f38</run_address>
         <size>0x140</size>
         <input_file_ref idref="fl-86"/>
      </object_component>
      <object_component id="oc-7d">
         <name>.debug_info</name>
         <load_address>0x4078</load_address>
         <run_address>0x4078</run_address>
         <size>0x253</size>
         <input_file_ref idref="fl-87"/>
      </object_component>
      <object_component id="oc-80">
         <name>.debug_info</name>
         <load_address>0x42cb</load_address>
         <run_address>0x42cb</run_address>
         <size>0x163</size>
         <input_file_ref idref="fl-82"/>
      </object_component>
      <object_component id="oc-84">
         <name>.debug_info</name>
         <load_address>0x442e</load_address>
         <run_address>0x442e</run_address>
         <size>0x167</size>
         <input_file_ref idref="fl-2"/>
      </object_component>
      <object_component id="oc-86">
         <name>.debug_info</name>
         <load_address>0x4595</load_address>
         <run_address>0x4595</run_address>
         <size>0xe3</size>
         <input_file_ref idref="fl-2"/>
      </object_component>
      <object_component id="oc-88">
         <name>.debug_info</name>
         <load_address>0x4678</load_address>
         <run_address>0x4678</run_address>
         <size>0x94</size>
         <input_file_ref idref="fl-2"/>
      </object_component>
      <object_component id="oc-8d">
         <name>.debug_info</name>
         <load_address>0x470c</load_address>
         <run_address>0x470c</run_address>
         <size>0x198</size>
         <input_file_ref idref="fl-2"/>
      </object_component>
      <object_component id="oc-8e">
         <name>.debug_info</name>
         <load_address>0x48a4</load_address>
         <run_address>0x48a4</run_address>
         <size>0x377</size>
         <input_file_ref idref="fl-2"/>
      </object_component>
      <object_component id="oc-93">
         <name>.debug_info</name>
         <load_address>0x4c1b</load_address>
         <run_address>0x4c1b</run_address>
         <size>0x6fe</size>
         <input_file_ref idref="fl-2"/>
      </object_component>
      <object_component id="oc-9a">
         <name>.debug_info</name>
         <load_address>0x5319</load_address>
         <run_address>0x5319</run_address>
         <size>0x12b</size>
         <input_file_ref idref="fl-80"/>
      </object_component>
      <object_component id="oc-a2">
         <name>.debug_info</name>
         <load_address>0x5444</load_address>
         <run_address>0x5444</run_address>
         <size>0xcd</size>
         <input_file_ref idref="fl-86"/>
      </object_component>
      <object_component id="oc-aa">
         <name>.debug_info</name>
         <load_address>0x5511</load_address>
         <run_address>0x5511</run_address>
         <size>0x1ab</size>
         <input_file_ref idref="fl-82"/>
      </object_component>
      <object_component id="oc-b1">
         <name>.debug_info</name>
         <load_address>0x56bc</load_address>
         <run_address>0x56bc</run_address>
         <size>0x46</size>
         <input_file_ref idref="fl-2"/>
      </object_component>
      <object_component id="oc-b6">
         <name>.debug_info</name>
         <load_address>0x5702</load_address>
         <run_address>0x5702</run_address>
         <size>0x2c</size>
         <input_file_ref idref="fl-2"/>
      </object_component>
      <object_component id="oc-bb">
         <name>.debug_info</name>
         <load_address>0x572e</load_address>
         <run_address>0x572e</run_address>
         <size>0x1d9</size>
         <input_file_ref idref="fl-2"/>
      </object_component>
      <object_component id="oc-100">
         <name>.debug_info</name>
         <load_address>0x5907</load_address>
         <run_address>0x5907</run_address>
         <size>0x9e</size>
      </object_component>
      <object_component id="oc-4">
         <name>.debug_line</name>
         <load_address>0x0</load_address>
         <run_address>0x0</run_address>
         <size>0x40</size>
         <input_file_ref idref="fl-7c"/>
      </object_component>
      <object_component id="oc-8">
         <name>.debug_line</name>
         <load_address>0x40</load_address>
         <run_address>0x40</run_address>
         <size>0x4b</size>
         <input_file_ref idref="fl-7d"/>
      </object_component>
      <object_component id="oc-c">
         <name>.debug_line</name>
         <load_address>0x8b</load_address>
         <run_address>0x8b</run_address>
         <size>0x59</size>
         <input_file_ref idref="fl-7f"/>
      </object_component>
      <object_component id="oc-10">
         <name>.debug_line</name>
         <load_address>0xe4</load_address>
         <run_address>0xe4</run_address>
         <size>0x4a</size>
         <input_file_ref idref="fl-7e"/>
      </object_component>
      <object_component id="oc-16">
         <name>.debug_line</name>
         <load_address>0x12e</load_address>
         <run_address>0x12e</run_address>
         <size>0x50</size>
         <input_file_ref idref="fl-84"/>
      </object_component>
      <object_component id="oc-1a">
         <name>.debug_line</name>
         <load_address>0x17e</load_address>
         <run_address>0x17e</run_address>
         <size>0x42</size>
         <input_file_ref idref="fl-83"/>
      </object_component>
      <object_component id="oc-1e">
         <name>.debug_line</name>
         <load_address>0x1c0</load_address>
         <run_address>0x1c0</run_address>
         <size>0x3e</size>
         <input_file_ref idref="fl-80"/>
      </object_component>
      <object_component id="oc-23">
         <name>.debug_line</name>
         <load_address>0x1fe</load_address>
         <run_address>0x1fe</run_address>
         <size>0x4d</size>
         <input_file_ref idref="fl-81"/>
      </object_component>
      <object_component id="oc-27">
         <name>.debug_line</name>
         <load_address>0x24b</load_address>
         <run_address>0x24b</run_address>
         <size>0x3a</size>
         <input_file_ref idref="fl-7d"/>
      </object_component>
      <object_component id="oc-2d">
         <name>.debug_line</name>
         <load_address>0x285</load_address>
         <run_address>0x285</run_address>
         <size>0x34</size>
         <input_file_ref idref="fl-7f"/>
      </object_component>
      <object_component id="oc-33">
         <name>.debug_line</name>
         <load_address>0x2b9</load_address>
         <run_address>0x2b9</run_address>
         <size>0x62</size>
         <input_file_ref idref="fl-7e"/>
      </object_component>
      <object_component id="oc-38">
         <name>.debug_line</name>
         <load_address>0x31b</load_address>
         <run_address>0x31b</run_address>
         <size>0x39</size>
         <input_file_ref idref="fl-7e"/>
      </object_component>
      <object_component id="oc-3d">
         <name>.debug_line</name>
         <load_address>0x354</load_address>
         <run_address>0x354</run_address>
         <size>0x2a</size>
         <input_file_ref idref="fl-7c"/>
      </object_component>
      <object_component id="oc-41">
         <name>.debug_line</name>
         <load_address>0x37e</load_address>
         <run_address>0x37e</run_address>
         <size>0x47</size>
         <input_file_ref idref="fl-86"/>
      </object_component>
      <object_component id="oc-45">
         <name>.debug_line</name>
         <load_address>0x3c5</load_address>
         <run_address>0x3c5</run_address>
         <size>0x49</size>
         <input_file_ref idref="fl-87"/>
      </object_component>
      <object_component id="oc-49">
         <name>.debug_line</name>
         <load_address>0x40e</load_address>
         <run_address>0x40e</run_address>
         <size>0x4a</size>
         <input_file_ref idref="fl-85"/>
      </object_component>
      <object_component id="oc-4e">
         <name>.debug_line</name>
         <load_address>0x458</load_address>
         <run_address>0x458</run_address>
         <size>0x51f</size>
         <input_file_ref idref="fl-2"/>
      </object_component>
      <object_component id="oc-53">
         <name>.debug_line</name>
         <load_address>0x977</load_address>
         <run_address>0x977</run_address>
         <size>0x20</size>
         <input_file_ref idref="fl-7c"/>
      </object_component>
      <object_component id="oc-5b">
         <name>.debug_line</name>
         <load_address>0x997</load_address>
         <run_address>0x997</run_address>
         <size>0x38</size>
         <input_file_ref idref="fl-80"/>
      </object_component>
      <object_component id="oc-5f">
         <name>.debug_line</name>
         <load_address>0x9cf</load_address>
         <run_address>0x9cf</run_address>
         <size>0x20</size>
         <input_file_ref idref="fl-7d"/>
      </object_component>
      <object_component id="oc-65">
         <name>.debug_line</name>
         <load_address>0x9ef</load_address>
         <run_address>0x9ef</run_address>
         <size>0x44</size>
         <input_file_ref idref="fl-7d"/>
      </object_component>
      <object_component id="oc-6b">
         <name>.debug_line</name>
         <load_address>0xa33</load_address>
         <run_address>0xa33</run_address>
         <size>0x44</size>
         <input_file_ref idref="fl-7e"/>
      </object_component>
      <object_component id="oc-72">
         <name>.debug_line</name>
         <load_address>0xa77</load_address>
         <run_address>0xa77</run_address>
         <size>0x20</size>
         <input_file_ref idref="fl-7e"/>
      </object_component>
      <object_component id="oc-74">
         <name>.debug_line</name>
         <load_address>0xa97</load_address>
         <run_address>0xa97</run_address>
         <size>0x2a</size>
         <input_file_ref idref="fl-7c"/>
      </object_component>
      <object_component id="oc-76">
         <name>.debug_line</name>
         <load_address>0xac1</load_address>
         <run_address>0xac1</run_address>
         <size>0x44</size>
         <input_file_ref idref="fl-7c"/>
      </object_component>
      <object_component id="oc-81">
         <name>.debug_line</name>
         <load_address>0xb05</load_address>
         <run_address>0xb05</run_address>
         <size>0x49</size>
         <input_file_ref idref="fl-82"/>
      </object_component>
      <object_component id="oc-89">
         <name>.debug_line</name>
         <load_address>0xb4e</load_address>
         <run_address>0xb4e</run_address>
         <size>0x20</size>
         <input_file_ref idref="fl-2"/>
      </object_component>
      <object_component id="oc-8f">
         <name>.debug_line</name>
         <load_address>0xb6e</load_address>
         <run_address>0xb6e</run_address>
         <size>0x30</size>
         <input_file_ref idref="fl-2"/>
      </object_component>
      <object_component id="oc-94">
         <name>.debug_line</name>
         <load_address>0xb9e</load_address>
         <run_address>0xb9e</run_address>
         <size>0x3a</size>
         <input_file_ref idref="fl-2"/>
      </object_component>
      <object_component id="oc-99">
         <name>.debug_line</name>
         <load_address>0xbd8</load_address>
         <run_address>0xbd8</run_address>
         <size>0x2a</size>
         <input_file_ref idref="fl-80"/>
      </object_component>
      <object_component id="oc-9d">
         <name>.debug_line</name>
         <load_address>0xc02</load_address>
         <run_address>0xc02</run_address>
         <size>0x20</size>
         <input_file_ref idref="fl-7d"/>
      </object_component>
      <object_component id="oc-9f">
         <name>.debug_line</name>
         <load_address>0xc22</load_address>
         <run_address>0xc22</run_address>
         <size>0x20</size>
         <input_file_ref idref="fl-7f"/>
      </object_component>
      <object_component id="oc-a1">
         <name>.debug_line</name>
         <load_address>0xc42</load_address>
         <run_address>0xc42</run_address>
         <size>0x51</size>
         <input_file_ref idref="fl-86"/>
      </object_component>
      <object_component id="oc-a3">
         <name>.debug_line</name>
         <load_address>0xc93</load_address>
         <run_address>0xc93</run_address>
         <size>0x45</size>
         <input_file_ref idref="fl-86"/>
      </object_component>
      <object_component id="oc-a8">
         <name>.debug_line</name>
         <load_address>0xcd8</load_address>
         <run_address>0xcd8</run_address>
         <size>0x29</size>
         <input_file_ref idref="fl-87"/>
      </object_component>
      <object_component id="oc-ac">
         <name>.debug_line</name>
         <load_address>0xd01</load_address>
         <run_address>0xd01</run_address>
         <size>0x2d</size>
         <input_file_ref idref="fl-2"/>
      </object_component>
      <object_component id="oc-ae">
         <name>.debug_line</name>
         <load_address>0xd2e</load_address>
         <run_address>0xd2e</run_address>
         <size>0x2d</size>
         <input_file_ref idref="fl-2"/>
      </object_component>
      <object_component id="oc-b0">
         <name>.debug_line</name>
         <load_address>0xd5b</load_address>
         <run_address>0xd5b</run_address>
         <size>0x5b</size>
         <input_file_ref idref="fl-2"/>
      </object_component>
      <object_component id="oc-b2">
         <name>.debug_line</name>
         <load_address>0xdb6</load_address>
         <run_address>0xdb6</run_address>
         <size>0x5b</size>
         <input_file_ref idref="fl-2"/>
      </object_component>
      <object_component id="oc-b7">
         <name>.debug_line</name>
         <load_address>0xe11</load_address>
         <run_address>0xe11</run_address>
         <size>0x5b</size>
         <input_file_ref idref="fl-2"/>
      </object_component>
      <object_component id="oc-bc">
         <name>.debug_line</name>
         <load_address>0xe6c</load_address>
         <run_address>0xe6c</run_address>
         <size>0x5b</size>
         <input_file_ref idref="fl-2"/>
      </object_component>
      <object_component id="oc-c1">
         <name>.debug_line</name>
         <load_address>0xec7</load_address>
         <run_address>0xec7</run_address>
         <size>0x43</size>
         <input_file_ref idref="fl-80"/>
      </object_component>
      <object_component id="oc-c3">
         <name>.debug_line</name>
         <load_address>0xf0a</load_address>
         <run_address>0xf0a</run_address>
         <size>0x20</size>
         <input_file_ref idref="fl-82"/>
      </object_component>
      <object_component id="oc-5">
         <name>.debug_aranges</name>
         <load_address>0x0</load_address>
         <run_address>0x0</run_address>
         <size>0x20</size>
         <input_file_ref idref="fl-7c"/>
      </object_component>
      <object_component id="oc-9">
         <name>.debug_aranges</name>
         <load_address>0x20</load_address>
         <run_address>0x20</run_address>
         <size>0x20</size>
         <input_file_ref idref="fl-7d"/>
      </object_component>
      <object_component id="oc-d">
         <name>.debug_aranges</name>
         <load_address>0x40</load_address>
         <run_address>0x40</run_address>
         <size>0x20</size>
         <input_file_ref idref="fl-7f"/>
      </object_component>
      <object_component id="oc-11">
         <name>.debug_aranges</name>
         <load_address>0x60</load_address>
         <run_address>0x60</run_address>
         <size>0x20</size>
         <input_file_ref idref="fl-7e"/>
      </object_component>
      <object_component id="oc-17">
         <name>.debug_aranges</name>
         <load_address>0x80</load_address>
         <run_address>0x80</run_address>
         <size>0x20</size>
         <input_file_ref idref="fl-84"/>
      </object_component>
      <object_component id="oc-1b">
         <name>.debug_aranges</name>
         <load_address>0xa0</load_address>
         <run_address>0xa0</run_address>
         <size>0x20</size>
         <input_file_ref idref="fl-83"/>
      </object_component>
      <object_component id="oc-1f">
         <name>.debug_aranges</name>
         <load_address>0xc0</load_address>
         <run_address>0xc0</run_address>
         <size>0x20</size>
         <input_file_ref idref="fl-80"/>
      </object_component>
      <object_component id="oc-24">
         <name>.debug_aranges</name>
         <load_address>0xe0</load_address>
         <run_address>0xe0</run_address>
         <size>0x20</size>
         <input_file_ref idref="fl-81"/>
      </object_component>
      <object_component id="oc-34">
         <name>.debug_aranges</name>
         <load_address>0x100</load_address>
         <run_address>0x100</run_address>
         <size>0x20</size>
         <input_file_ref idref="fl-7e"/>
      </object_component>
      <object_component id="oc-42">
         <name>.debug_aranges</name>
         <load_address>0x120</load_address>
         <run_address>0x120</run_address>
         <size>0x20</size>
         <input_file_ref idref="fl-86"/>
      </object_component>
      <object_component id="oc-46">
         <name>.debug_aranges</name>
         <load_address>0x140</load_address>
         <run_address>0x140</run_address>
         <size>0x20</size>
         <input_file_ref idref="fl-87"/>
      </object_component>
      <object_component id="oc-4a">
         <name>.debug_aranges</name>
         <load_address>0x160</load_address>
         <run_address>0x160</run_address>
         <size>0x20</size>
         <input_file_ref idref="fl-85"/>
      </object_component>
      <object_component id="oc-50">
         <name>.debug_aranges</name>
         <load_address>0x180</load_address>
         <run_address>0x180</run_address>
         <size>0x118</size>
         <input_file_ref idref="fl-2"/>
      </object_component>
      <object_component id="oc-5c">
         <name>.debug_aranges</name>
         <load_address>0x298</load_address>
         <run_address>0x298</run_address>
         <size>0x20</size>
         <input_file_ref idref="fl-80"/>
      </object_component>
      <object_component id="oc-82">
         <name>.debug_aranges</name>
         <load_address>0x2b8</load_address>
         <run_address>0x2b8</run_address>
         <size>0x20</size>
         <input_file_ref idref="fl-82"/>
      </object_component>
      <object_component id="oc-20">
         <name>.debug_abbrev</name>
         <load_address>0x0</load_address>
         <run_address>0x0</run_address>
         <size>0x69</size>
         <input_file_ref idref="fl-7c"/>
      </object_component>
      <object_component id="oc-25">
         <name>.debug_abbrev</name>
         <load_address>0x69</load_address>
         <run_address>0x69</run_address>
         <size>0x69</size>
         <input_file_ref idref="fl-7d"/>
      </object_component>
      <object_component id="oc-28">
         <name>.debug_abbrev</name>
         <load_address>0xd2</load_address>
         <run_address>0xd2</run_address>
         <size>0x24</size>
         <input_file_ref idref="fl-7d"/>
      </object_component>
      <object_component id="oc-2b">
         <name>.debug_abbrev</name>
         <load_address>0xf6</load_address>
         <run_address>0xf6</run_address>
         <size>0x85</size>
         <input_file_ref idref="fl-7f"/>
      </object_component>
      <object_component id="oc-2e">
         <name>.debug_abbrev</name>
         <load_address>0x17b</load_address>
         <run_address>0x17b</run_address>
         <size>0x24</size>
         <input_file_ref idref="fl-7f"/>
      </object_component>
      <object_component id="oc-35">
         <name>.debug_abbrev</name>
         <load_address>0x19f</load_address>
         <run_address>0x19f</run_address>
         <size>0x74</size>
         <input_file_ref idref="fl-7e"/>
      </object_component>
      <object_component id="oc-39">
         <name>.debug_abbrev</name>
         <load_address>0x213</load_address>
         <run_address>0x213</run_address>
         <size>0x24</size>
         <input_file_ref idref="fl-7e"/>
      </object_component>
      <object_component id="oc-3c">
         <name>.debug_abbrev</name>
         <load_address>0x237</load_address>
         <run_address>0x237</run_address>
         <size>0x29</size>
         <input_file_ref idref="fl-7c"/>
      </object_component>
      <object_component id="oc-4b">
         <name>.debug_abbrev</name>
         <load_address>0x260</load_address>
         <run_address>0x260</run_address>
         <size>0x94</size>
         <input_file_ref idref="fl-84"/>
      </object_component>
      <object_component id="oc-51">
         <name>.debug_abbrev</name>
         <load_address>0x2f4</load_address>
         <run_address>0x2f4</run_address>
         <size>0x5d</size>
         <input_file_ref idref="fl-83"/>
      </object_component>
      <object_component id="oc-54">
         <name>.debug_abbrev</name>
         <load_address>0x351</load_address>
         <run_address>0x351</run_address>
         <size>0x32</size>
         <input_file_ref idref="fl-7c"/>
      </object_component>
      <object_component id="oc-5d">
         <name>.debug_abbrev</name>
         <load_address>0x383</load_address>
         <run_address>0x383</run_address>
         <size>0x83</size>
         <input_file_ref idref="fl-80"/>
      </object_component>
      <object_component id="oc-60">
         <name>.debug_abbrev</name>
         <load_address>0x406</load_address>
         <run_address>0x406</run_address>
         <size>0x32</size>
         <input_file_ref idref="fl-7d"/>
      </object_component>
      <object_component id="oc-63">
         <name>.debug_abbrev</name>
         <load_address>0x438</load_address>
         <run_address>0x438</run_address>
         <size>0x40</size>
         <input_file_ref idref="fl-81"/>
      </object_component>
      <object_component id="oc-66">
         <name>.debug_abbrev</name>
         <load_address>0x478</load_address>
         <run_address>0x478</run_address>
         <size>0x24</size>
         <input_file_ref idref="fl-7d"/>
      </object_component>
      <object_component id="oc-6c">
         <name>.debug_abbrev</name>
         <load_address>0x49c</load_address>
         <run_address>0x49c</run_address>
         <size>0x24</size>
         <input_file_ref idref="fl-7e"/>
      </object_component>
      <object_component id="oc-70">
         <name>.debug_abbrev</name>
         <load_address>0x4c0</load_address>
         <run_address>0x4c0</run_address>
         <size>0x97</size>
         <input_file_ref idref="fl-7e"/>
      </object_component>
      <object_component id="oc-71">
         <name>.debug_abbrev</name>
         <load_address>0x557</load_address>
         <run_address>0x557</run_address>
         <size>0x5e</size>
         <input_file_ref idref="fl-7e"/>
      </object_component>
      <object_component id="oc-73">
         <name>.debug_abbrev</name>
         <load_address>0x5b5</load_address>
         <run_address>0x5b5</run_address>
         <size>0x77</size>
         <input_file_ref idref="fl-7c"/>
      </object_component>
      <object_component id="oc-77">
         <name>.debug_abbrev</name>
         <load_address>0x62c</load_address>
         <run_address>0x62c</run_address>
         <size>0x35</size>
         <input_file_ref idref="fl-7c"/>
      </object_component>
      <object_component id="oc-7a">
         <name>.debug_abbrev</name>
         <load_address>0x661</load_address>
         <run_address>0x661</run_address>
         <size>0xa2</size>
         <input_file_ref idref="fl-86"/>
      </object_component>
      <object_component id="oc-7c">
         <name>.debug_abbrev</name>
         <load_address>0x703</load_address>
         <run_address>0x703</run_address>
         <size>0x94</size>
         <input_file_ref idref="fl-87"/>
      </object_component>
      <object_component id="oc-7e">
         <name>.debug_abbrev</name>
         <load_address>0x797</load_address>
         <run_address>0x797</run_address>
         <size>0x86</size>
         <input_file_ref idref="fl-85"/>
      </object_component>
      <object_component id="oc-87">
         <name>.debug_abbrev</name>
         <load_address>0x81d</load_address>
         <run_address>0x81d</run_address>
         <size>0x165</size>
         <input_file_ref idref="fl-2"/>
      </object_component>
      <object_component id="oc-8a">
         <name>.debug_abbrev</name>
         <load_address>0x982</load_address>
         <run_address>0x982</run_address>
         <size>0x32</size>
         <input_file_ref idref="fl-2"/>
      </object_component>
      <object_component id="oc-90">
         <name>.debug_abbrev</name>
         <load_address>0x9b4</load_address>
         <run_address>0x9b4</run_address>
         <size>0x5a</size>
         <input_file_ref idref="fl-2"/>
      </object_component>
      <object_component id="oc-95">
         <name>.debug_abbrev</name>
         <load_address>0xa0e</load_address>
         <run_address>0xa0e</run_address>
         <size>0x63</size>
         <input_file_ref idref="fl-2"/>
      </object_component>
      <object_component id="oc-98">
         <name>.debug_abbrev</name>
         <load_address>0xa71</load_address>
         <run_address>0xa71</run_address>
         <size>0x29</size>
         <input_file_ref idref="fl-80"/>
      </object_component>
      <object_component id="oc-9b">
         <name>.debug_abbrev</name>
         <load_address>0xa9a</load_address>
         <run_address>0xa9a</run_address>
         <size>0x6b</size>
         <input_file_ref idref="fl-80"/>
      </object_component>
      <object_component id="oc-9c">
         <name>.debug_abbrev</name>
         <load_address>0xb05</load_address>
         <run_address>0xb05</run_address>
         <size>0x4c</size>
         <input_file_ref idref="fl-7d"/>
      </object_component>
      <object_component id="oc-9e">
         <name>.debug_abbrev</name>
         <load_address>0xb51</load_address>
         <run_address>0xb51</run_address>
         <size>0x5e</size>
         <input_file_ref idref="fl-7f"/>
      </object_component>
      <object_component id="oc-a0">
         <name>.debug_abbrev</name>
         <load_address>0xbaf</load_address>
         <run_address>0xbaf</run_address>
         <size>0x85</size>
         <input_file_ref idref="fl-86"/>
      </object_component>
      <object_component id="oc-a4">
         <name>.debug_abbrev</name>
         <load_address>0xc34</load_address>
         <run_address>0xc34</run_address>
         <size>0x4b</size>
         <input_file_ref idref="fl-86"/>
      </object_component>
      <object_component id="oc-a7">
         <name>.debug_abbrev</name>
         <load_address>0xc7f</load_address>
         <run_address>0xc7f</run_address>
         <size>0x9a</size>
         <input_file_ref idref="fl-87"/>
      </object_component>
      <object_component id="oc-a9">
         <name>.debug_abbrev</name>
         <load_address>0xd19</load_address>
         <run_address>0xd19</run_address>
         <size>0x87</size>
         <input_file_ref idref="fl-82"/>
      </object_component>
      <object_component id="oc-ab">
         <name>.debug_abbrev</name>
         <load_address>0xda0</load_address>
         <run_address>0xda0</run_address>
         <size>0x29</size>
         <input_file_ref idref="fl-2"/>
      </object_component>
      <object_component id="oc-ad">
         <name>.debug_abbrev</name>
         <load_address>0xdc9</load_address>
         <run_address>0xdc9</run_address>
         <size>0x29</size>
         <input_file_ref idref="fl-2"/>
      </object_component>
      <object_component id="oc-af">
         <name>.debug_abbrev</name>
         <load_address>0xdf2</load_address>
         <run_address>0xdf2</run_address>
         <size>0x90</size>
         <input_file_ref idref="fl-2"/>
      </object_component>
      <object_component id="oc-b3">
         <name>.debug_abbrev</name>
         <load_address>0xe82</load_address>
         <run_address>0xe82</run_address>
         <size>0x24</size>
         <input_file_ref idref="fl-2"/>
      </object_component>
      <object_component id="oc-b8">
         <name>.debug_abbrev</name>
         <load_address>0xea6</load_address>
         <run_address>0xea6</run_address>
         <size>0x24</size>
         <input_file_ref idref="fl-2"/>
      </object_component>
      <object_component id="oc-bd">
         <name>.debug_abbrev</name>
         <load_address>0xeca</load_address>
         <run_address>0xeca</run_address>
         <size>0x35</size>
         <input_file_ref idref="fl-2"/>
      </object_component>
      <object_component id="oc-c0">
         <name>.debug_abbrev</name>
         <load_address>0xeff</load_address>
         <run_address>0xeff</run_address>
         <size>0x7d</size>
         <input_file_ref idref="fl-80"/>
      </object_component>
      <object_component id="oc-c2">
         <name>.debug_abbrev</name>
         <load_address>0xf7c</load_address>
         <run_address>0xf7c</run_address>
         <size>0x4e</size>
         <input_file_ref idref="fl-82"/>
      </object_component>
      <object_component id="oc-101">
         <name>.debug_abbrev</name>
         <load_address>0xfca</load_address>
         <run_address>0xfca</run_address>
         <size>0xf</size>
      </object_component>
      <object_component id="oc-29">
         <name>.debug_str</name>
         <load_address>0x0</load_address>
         <run_address>0x0</run_address>
         <size>0xc4</size>
         <input_file_ref idref="fl-7d"/>
      </object_component>
      <object_component id="oc-2f">
         <name>.debug_str</name>
         <load_address>0xc4</load_address>
         <run_address>0xc4</run_address>
         <size>0xbe</size>
         <input_file_ref idref="fl-7f"/>
      </object_component>
      <object_component id="oc-3a">
         <name>.debug_str</name>
         <load_address>0x182</load_address>
         <run_address>0x182</run_address>
         <size>0xb6</size>
         <input_file_ref idref="fl-7e"/>
      </object_component>
      <object_component id="oc-55">
         <name>.debug_str</name>
         <load_address>0x238</load_address>
         <run_address>0x238</run_address>
         <size>0x116</size>
         <input_file_ref idref="fl-7c"/>
      </object_component>
      <object_component id="oc-61">
         <name>.debug_str</name>
         <load_address>0x34e</load_address>
         <run_address>0x34e</run_address>
         <size>0x116</size>
         <input_file_ref idref="fl-7d"/>
      </object_component>
      <object_component id="oc-67">
         <name>.debug_str</name>
         <load_address>0x464</load_address>
         <run_address>0x464</run_address>
         <size>0xab</size>
         <input_file_ref idref="fl-7d"/>
      </object_component>
      <object_component id="oc-6d">
         <name>.debug_str</name>
         <load_address>0x50f</load_address>
         <run_address>0x50f</run_address>
         <size>0x99</size>
         <input_file_ref idref="fl-7e"/>
      </object_component>
      <object_component id="oc-78">
         <name>.debug_str</name>
         <load_address>0x5a8</load_address>
         <run_address>0x5a8</run_address>
         <size>0x21f</size>
         <input_file_ref idref="fl-7c"/>
      </object_component>
      <object_component id="oc-8b">
         <name>.debug_str</name>
         <load_address>0x7c7</load_address>
         <run_address>0x7c7</run_address>
         <size>0x12a</size>
         <input_file_ref idref="fl-2"/>
      </object_component>
      <object_component id="oc-91">
         <name>.debug_str</name>
         <load_address>0x8f1</load_address>
         <run_address>0x8f1</run_address>
         <size>0x281</size>
         <input_file_ref idref="fl-2"/>
      </object_component>
      <object_component id="oc-96">
         <name>.debug_str</name>
         <load_address>0xb72</load_address>
         <run_address>0xb72</run_address>
         <size>0x342</size>
         <input_file_ref idref="fl-2"/>
      </object_component>
      <object_component id="oc-a5">
         <name>.debug_str</name>
         <load_address>0xeb4</load_address>
         <run_address>0xeb4</run_address>
         <size>0xf0</size>
         <input_file_ref idref="fl-86"/>
      </object_component>
      <object_component id="oc-b4">
         <name>.debug_str</name>
         <load_address>0xfa4</load_address>
         <run_address>0xfa4</run_address>
         <size>0xd6</size>
         <input_file_ref idref="fl-2"/>
      </object_component>
      <object_component id="oc-b9">
         <name>.debug_str</name>
         <load_address>0x107a</load_address>
         <run_address>0x107a</run_address>
         <size>0xc5</size>
         <input_file_ref idref="fl-2"/>
      </object_component>
      <object_component id="oc-be">
         <name>.debug_str</name>
         <load_address>0x113f</load_address>
         <run_address>0x113f</run_address>
         <size>0x24a</size>
         <input_file_ref idref="fl-2"/>
      </object_component>
      <object_component id="oc-2a">
         <name>.debug_pubtypes</name>
         <load_address>0x0</load_address>
         <run_address>0x0</run_address>
         <size>0x5e</size>
         <input_file_ref idref="fl-7d"/>
      </object_component>
      <object_component id="oc-30">
         <name>.debug_pubtypes</name>
         <load_address>0x5e</load_address>
         <run_address>0x5e</run_address>
         <size>0x5e</size>
         <input_file_ref idref="fl-7f"/>
      </object_component>
      <object_component id="oc-3b">
         <name>.debug_pubtypes</name>
         <load_address>0xbc</load_address>
         <run_address>0xbc</run_address>
         <size>0x4d</size>
         <input_file_ref idref="fl-7e"/>
      </object_component>
      <object_component id="oc-56">
         <name>.debug_pubtypes</name>
         <load_address>0x109</load_address>
         <run_address>0x109</run_address>
         <size>0x107</size>
         <input_file_ref idref="fl-7c"/>
      </object_component>
      <object_component id="oc-62">
         <name>.debug_pubtypes</name>
         <load_address>0x210</load_address>
         <run_address>0x210</run_address>
         <size>0xf7</size>
         <input_file_ref idref="fl-7d"/>
      </object_component>
      <object_component id="oc-68">
         <name>.debug_pubtypes</name>
         <load_address>0x307</load_address>
         <run_address>0x307</run_address>
         <size>0x37</size>
         <input_file_ref idref="fl-7d"/>
      </object_component>
      <object_component id="oc-6e">
         <name>.debug_pubtypes</name>
         <load_address>0x33e</load_address>
         <run_address>0x33e</run_address>
         <size>0x1d</size>
         <input_file_ref idref="fl-7e"/>
      </object_component>
      <object_component id="oc-79">
         <name>.debug_pubtypes</name>
         <load_address>0x35b</load_address>
         <run_address>0x35b</run_address>
         <size>0x227</size>
         <input_file_ref idref="fl-7c"/>
      </object_component>
      <object_component id="oc-8c">
         <name>.debug_pubtypes</name>
         <load_address>0x582</load_address>
         <run_address>0x582</run_address>
         <size>0x107</size>
         <input_file_ref idref="fl-2"/>
      </object_component>
      <object_component id="oc-92">
         <name>.debug_pubtypes</name>
         <load_address>0x689</load_address>
         <run_address>0x689</run_address>
         <size>0x2f5</size>
         <input_file_ref idref="fl-2"/>
      </object_component>
      <object_component id="oc-97">
         <name>.debug_pubtypes</name>
         <load_address>0x97e</load_address>
         <run_address>0x97e</run_address>
         <size>0xa3</size>
         <input_file_ref idref="fl-2"/>
      </object_component>
      <object_component id="oc-a6">
         <name>.debug_pubtypes</name>
         <load_address>0xa21</load_address>
         <run_address>0xa21</run_address>
         <size>0x50</size>
         <input_file_ref idref="fl-86"/>
      </object_component>
      <object_component id="oc-b5">
         <name>.debug_pubtypes</name>
         <load_address>0xa71</load_address>
         <run_address>0xa71</run_address>
         <size>0x37</size>
         <input_file_ref idref="fl-2"/>
      </object_component>
      <object_component id="oc-ba">
         <name>.debug_pubtypes</name>
         <load_address>0xaa8</load_address>
         <run_address>0xaa8</run_address>
         <size>0x1e</size>
         <input_file_ref idref="fl-2"/>
      </object_component>
      <object_component id="oc-bf">
         <name>.debug_pubtypes</name>
         <load_address>0xac6</load_address>
         <run_address>0xac6</run_address>
         <size>0x227</size>
         <input_file_ref idref="fl-2"/>
      </object_component>
      <object_component id="oc-4f">
         <name>.debug_frame</name>
         <load_address>0x0</load_address>
         <run_address>0x0</run_address>
         <size>0x429</size>
         <input_file_ref idref="fl-2"/>
      </object_component>
   </object_component_list>
   <logical_group_list>
      <logical_group id="lg-c5">
         <name>.neardata</name>
         <run_address>0x8</run_address>
         <size>0x0</size>
         <contents>
         </contents>
      </logical_group>
      <logical_group id="lg-c6">
         <name>.rodata</name>
         <run_address>0x8</run_address>
         <size>0x0</size>
         <contents>
         </contents>
      </logical_group>
      <logical_group id="lg-c7">
         <name>.bss</name>
         <run_address>0x8</run_address>
         <size>0x8</size>
         <contents>
            <object_component_ref idref="oc-85"/>
         </contents>
      </logical_group>
      <logical_group id="lg-c4">
         <name>DEFAULT_NEARDP</name>
         <run_address>0x8</run_address>
         <size>0x8</size>
         <contents>
            <logical_group_ref idref="lg-c5"/>
            <logical_group_ref idref="lg-c6"/>
            <logical_group_ref idref="lg-c7"/>
         </contents>
      </logical_group>
      <logical_group id="lg-c8">
         <name>.text</name>
         <load_address>0x1a540</load_address>
         <run_address>0x1a540</run_address>
         <size>0x1a40</size>
         <contents>
            <object_component_ref idref="oc-4c"/>
            <object_component_ref idref="oc-31"/>
            <object_component_ref idref="oc-14"/>
            <object_component_ref idref="oc-3f"/>
            <object_component_ref idref="oc-a"/>
            <object_component_ref idref="oc-7f"/>
            <object_component_ref idref="oc-1c"/>
            <object_component_ref idref="oc-43"/>
            <object_component_ref idref="oc-21"/>
            <object_component_ref idref="oc-2"/>
            <object_component_ref idref="oc-47"/>
            <object_component_ref idref="oc-18"/>
            <object_component_ref idref="oc-59"/>
            <object_component_ref idref="oc-6"/>
            <object_component_ref idref="oc-e"/>
         </contents>
      </logical_group>
      <logical_group id="lg-c9">
         <name>.const</name>
         <run_address>0x0</run_address>
         <size>0x0</size>
         <contents>
         </contents>
      </logical_group>
      <logical_group id="lg-ca">
         <name>.data</name>
         <run_address>0x0</run_address>
         <size>0x0</size>
         <contents>
         </contents>
      </logical_group>
      <logical_group id="lg-cb">
         <name>.fardata</name>
         <load_address>0x1a530</load_address>
         <run_address>0x1a530</run_address>
         <size>0xc</size>
         <contents>
            <object_component_ref idref="oc-57"/>
         </contents>
      </logical_group>
      <logical_group id="lg-cc">
         <name>.cinit</name>
         <load_address>0x1c380</load_address>
         <run_address>0x1c380</run_address>
         <size>0x44</size>
         <contents>
            <object_component_ref idref="oc-f7"/>
            <object_component_ref idref="oc-f4"/>
            <object_component_ref idref="oc-f6"/>
            <object_component_ref idref="oc-f8"/>
            <object_component_ref idref="oc-f5"/>
         </contents>
      </logical_group>
      <logical_group id="lg-cd">
         <name>.init_array</name>
         <run_address>0x0</run_address>
         <size>0x0</size>
         <contents>
         </contents>
      </logical_group>
      <logical_group id="lg-ce">
         <name>.stack</name>
         <run_address>0x1bf80</run_address>
         <size>0x400</size>
         <contents>
            <object_component_ref idref="oc-12"/>
            <object_component_ref idref="oc-f9"/>
         </contents>
      </logical_group>
      <logical_group id="lg-cf">
         <name>.sysmem</name>
         <run_address>0x0</run_address>
         <size>0x0</size>
         <contents>
         </contents>
      </logical_group>
      <logical_group id="lg-d0">
         <name>.far</name>
         <run_address>0x8000</run_address>
         <size>0x1252c</size>
         <contents>
            <object_component_ref idref="oc-83"/>
         </contents>
      </logical_group>
      <logical_group id="lg-d1">
         <name>.switch</name>
         <run_address>0x0</run_address>
         <size>0x0</size>
         <contents>
         </contents>
      </logical_group>
      <logical_group id="lg-d2">
         <name>.cio</name>
         <run_address>0x0</run_address>
         <size>0x0</size>
         <contents>
         </contents>
      </logical_group>
      <logical_group id="lg-d3">
         <name>.ppinfo</name>
         <run_address>0x0</run_address>
         <size>0x0</size>
         <contents>
         </contents>
      </logical_group>
      <logical_group id="lg-d4">
         <name>.ppdata</name>
         <run_address>0x0</run_address>
         <size>0x0</size>
         <contents>
         </contents>
      </logical_group>
      <logical_group id="lg-e6">
         <name>.debug_info</name>
         <load_address>0x0</load_address>
         <run_address>0x0</run_address>
         <size>0x59a5</size>
         <contents>
            <object_component_ref idref="oc-3"/>
            <object_component_ref idref="oc-7"/>
            <object_component_ref idref="oc-b"/>
            <object_component_ref idref="oc-f"/>
            <object_component_ref idref="oc-13"/>
            <object_component_ref idref="oc-15"/>
            <object_component_ref idref="oc-19"/>
            <object_component_ref idref="oc-1d"/>
            <object_component_ref idref="oc-22"/>
            <object_component_ref idref="oc-26"/>
            <object_component_ref idref="oc-2c"/>
            <object_component_ref idref="oc-32"/>
            <object_component_ref idref="oc-36"/>
            <object_component_ref idref="oc-37"/>
            <object_component_ref idref="oc-3e"/>
            <object_component_ref idref="oc-40"/>
            <object_component_ref idref="oc-44"/>
            <object_component_ref idref="oc-48"/>
            <object_component_ref idref="oc-4d"/>
            <object_component_ref idref="oc-52"/>
            <object_component_ref idref="oc-58"/>
            <object_component_ref idref="oc-5a"/>
            <object_component_ref idref="oc-5e"/>
            <object_component_ref idref="oc-64"/>
            <object_component_ref idref="oc-69"/>
            <object_component_ref idref="oc-6a"/>
            <object_component_ref idref="oc-6f"/>
            <object_component_ref idref="oc-75"/>
            <object_component_ref idref="oc-7b"/>
            <object_component_ref idref="oc-7d"/>
            <object_component_ref idref="oc-80"/>
            <object_component_ref idref="oc-84"/>
            <object_component_ref idref="oc-86"/>
            <object_component_ref idref="oc-88"/>
            <object_component_ref idref="oc-8d"/>
            <object_component_ref idref="oc-8e"/>
            <object_component_ref idref="oc-93"/>
            <object_component_ref idref="oc-9a"/>
            <object_component_ref idref="oc-a2"/>
            <object_component_ref idref="oc-aa"/>
            <object_component_ref idref="oc-b1"/>
            <object_component_ref idref="oc-b6"/>
            <object_component_ref idref="oc-bb"/>
            <object_component_ref idref="oc-100"/>
         </contents>
      </logical_group>
      <logical_group id="lg-e8">
         <name>.debug_line</name>
         <load_address>0x0</load_address>
         <run_address>0x0</run_address>
         <size>0xf2a</size>
         <contents>
            <object_component_ref idref="oc-4"/>
            <object_component_ref idref="oc-8"/>
            <object_component_ref idref="oc-c"/>
            <object_component_ref idref="oc-10"/>
            <object_component_ref idref="oc-16"/>
            <object_component_ref idref="oc-1a"/>
            <object_component_ref idref="oc-1e"/>
            <object_component_ref idref="oc-23"/>
            <object_component_ref idref="oc-27"/>
            <object_component_ref idref="oc-2d"/>
            <object_component_ref idref="oc-33"/>
            <object_component_ref idref="oc-38"/>
            <object_component_ref idref="oc-3d"/>
            <object_component_ref idref="oc-41"/>
            <object_component_ref idref="oc-45"/>
            <object_component_ref idref="oc-49"/>
            <object_component_ref idref="oc-4e"/>
            <object_component_ref idref="oc-53"/>
            <object_component_ref idref="oc-5b"/>
            <object_component_ref idref="oc-5f"/>
            <object_component_ref idref="oc-65"/>
            <object_component_ref idref="oc-6b"/>
            <object_component_ref idref="oc-72"/>
            <object_component_ref idref="oc-74"/>
            <object_component_ref idref="oc-76"/>
            <object_component_ref idref="oc-81"/>
            <object_component_ref idref="oc-89"/>
            <object_component_ref idref="oc-8f"/>
            <object_component_ref idref="oc-94"/>
            <object_component_ref idref="oc-99"/>
            <object_component_ref idref="oc-9d"/>
            <object_component_ref idref="oc-9f"/>
            <object_component_ref idref="oc-a1"/>
            <object_component_ref idref="oc-a3"/>
            <object_component_ref idref="oc-a8"/>
            <object_component_ref idref="oc-ac"/>
            <object_component_ref idref="oc-ae"/>
            <object_component_ref idref="oc-b0"/>
            <object_component_ref idref="oc-b2"/>
            <object_component_ref idref="oc-b7"/>
            <object_component_ref idref="oc-bc"/>
            <object_component_ref idref="oc-c1"/>
            <object_component_ref idref="oc-c3"/>
         </contents>
      </logical_group>
      <logical_group id="lg-ea">
         <name>.debug_aranges</name>
         <load_address>0x0</load_address>
         <run_address>0x0</run_address>
         <size>0x2d8</size>
         <contents>
            <object_component_ref idref="oc-5"/>
            <object_component_ref idref="oc-9"/>
            <object_component_ref idref="oc-d"/>
            <object_component_ref idref="oc-11"/>
            <object_component_ref idref="oc-17"/>
            <object_component_ref idref="oc-1b"/>
            <object_component_ref idref="oc-1f"/>
            <object_component_ref idref="oc-24"/>
            <object_component_ref idref="oc-34"/>
            <object_component_ref idref="oc-42"/>
            <object_component_ref idref="oc-46"/>
            <object_component_ref idref="oc-4a"/>
            <object_component_ref idref="oc-50"/>
            <object_component_ref idref="oc-5c"/>
            <object_component_ref idref="oc-82"/>
         </contents>
      </logical_group>
      <logical_group id="lg-ec">
         <name>.debug_abbrev</name>
         <load_address>0x0</load_address>
         <run_address>0x0</run_address>
         <size>0xfd9</size>
         <contents>
            <object_component_ref idref="oc-20"/>
            <object_component_ref idref="oc-25"/>
            <object_component_ref idref="oc-28"/>
            <object_component_ref idref="oc-2b"/>
            <object_component_ref idref="oc-2e"/>
            <object_component_ref idref="oc-35"/>
            <object_component_ref idref="oc-39"/>
            <object_component_ref idref="oc-3c"/>
            <object_component_ref idref="oc-4b"/>
            <object_component_ref idref="oc-51"/>
            <object_component_ref idref="oc-54"/>
            <object_component_ref idref="oc-5d"/>
            <object_component_ref idref="oc-60"/>
            <object_component_ref idref="oc-63"/>
            <object_component_ref idref="oc-66"/>
            <object_component_ref idref="oc-6c"/>
            <object_component_ref idref="oc-70"/>
            <object_component_ref idref="oc-71"/>
            <object_component_ref idref="oc-73"/>
            <object_component_ref idref="oc-77"/>
            <object_component_ref idref="oc-7a"/>
            <object_component_ref idref="oc-7c"/>
            <object_component_ref idref="oc-7e"/>
            <object_component_ref idref="oc-87"/>
            <object_component_ref idref="oc-8a"/>
            <object_component_ref idref="oc-90"/>
            <object_component_ref idref="oc-95"/>
            <object_component_ref idref="oc-98"/>
            <object_component_ref idref="oc-9b"/>
            <object_component_ref idref="oc-9c"/>
            <object_component_ref idref="oc-9e"/>
            <object_component_ref idref="oc-a0"/>
            <object_component_ref idref="oc-a4"/>
            <object_component_ref idref="oc-a7"/>
            <object_component_ref idref="oc-a9"/>
            <object_component_ref idref="oc-ab"/>
            <object_component_ref idref="oc-ad"/>
            <object_component_ref idref="oc-af"/>
            <object_component_ref idref="oc-b3"/>
            <object_component_ref idref="oc-b8"/>
            <object_component_ref idref="oc-bd"/>
            <object_component_ref idref="oc-c0"/>
            <object_component_ref idref="oc-c2"/>
            <object_component_ref idref="oc-101"/>
         </contents>
      </logical_group>
      <logical_group id="lg-ee">
         <name>.debug_str</name>
         <load_address>0x0</load_address>
         <run_address>0x0</run_address>
         <size>0x1389</size>
         <contents>
            <object_component_ref idref="oc-29"/>
            <object_component_ref idref="oc-2f"/>
            <object_component_ref idref="oc-3a"/>
            <object_component_ref idref="oc-55"/>
            <object_component_ref idref="oc-61"/>
            <object_component_ref idref="oc-67"/>
            <object_component_ref idref="oc-6d"/>
            <object_component_ref idref="oc-78"/>
            <object_component_ref idref="oc-8b"/>
            <object_component_ref idref="oc-91"/>
            <object_component_ref idref="oc-96"/>
            <object_component_ref idref="oc-a5"/>
            <object_component_ref idref="oc-b4"/>
            <object_component_ref idref="oc-b9"/>
            <object_component_ref idref="oc-be"/>
         </contents>
      </logical_group>
      <logical_group id="lg-f0">
         <name>.debug_pubtypes</name>
         <load_address>0x0</load_address>
         <run_address>0x0</run_address>
         <size>0xced</size>
         <contents>
            <object_component_ref idref="oc-2a"/>
            <object_component_ref idref="oc-30"/>
            <object_component_ref idref="oc-3b"/>
            <object_component_ref idref="oc-56"/>
            <object_component_ref idref="oc-62"/>
            <object_component_ref idref="oc-68"/>
            <object_component_ref idref="oc-6e"/>
            <object_component_ref idref="oc-79"/>
            <object_component_ref idref="oc-8c"/>
            <object_component_ref idref="oc-92"/>
            <object_component_ref idref="oc-97"/>
            <object_component_ref idref="oc-a6"/>
            <object_component_ref idref="oc-b5"/>
            <object_component_ref idref="oc-ba"/>
            <object_component_ref idref="oc-bf"/>
         </contents>
      </logical_group>
      <logical_group id="lg-f2">
         <name>.debug_frame</name>
         <load_address>0x0</load_address>
         <run_address>0x0</run_address>
         <size>0x429</size>
         <contents>
            <object_component_ref idref="oc-4f"/>
         </contents>
      </logical_group>
      <load_segment id="lg-103">
         <name>SEGMENT_0</name>
         <run_address>0x8</run_address>
         <size>0x8</size>
         <flags>0x6</flags>
         <contents>
            <logical_group_ref idref="lg-c7"/>
         </contents>
      </load_segment>
      <load_segment id="lg-104">
         <name>SEGMENT_1</name>
         <run_address>0x8000</run_address>
         <size>0x1252c</size>
         <flags>0x6</flags>
         <contents>
            <logical_group_ref idref="lg-d0"/>
         </contents>
      </load_segment>
      <load_segment id="lg-105">
         <name>SEGMENT_2</name>
         <load_address>0x1a530</load_address>
         <run_address>0x1a530</run_address>
         <size>0xc</size>
         <flags>0x6</flags>
         <contents>
            <logical_group_ref idref="lg-cb"/>
         </contents>
      </load_segment>
      <load_segment id="lg-106">
         <name>SEGMENT_3</name>
         <load_address>0x1a540</load_address>
         <run_address>0x1a540</run_address>
         <size>0x1a40</size>
         <flags>0x5</flags>
         <contents>
            <logical_group_ref idref="lg-c8"/>
         </contents>
      </load_segment>
      <load_segment id="lg-107">
         <name>SEGMENT_4</name>
         <run_address>0x1bf80</run_address>
         <size>0x400</size>
         <flags>0x6</flags>
         <contents>
            <logical_group_ref idref="lg-ce"/>
         </contents>
      </load_segment>
      <load_segment id="lg-108">
         <name>SEGMENT_5</name>
         <load_address>0x1c380</load_address>
         <run_address>0x1c380</run_address>
         <size>0x44</size>
         <flags>0x4</flags>
         <contents>
            <logical_group_ref idref="lg-cc"/>
         </contents>
      </load_segment>
   </logical_group_list>
   <placement_map>
      <memory_area>
         <name>NEARRAM</name>
         <page_id>0x0</page_id>
         <origin>0x1</origin>
         <length>0x7fff</length>
         <used_space>0x8</used_space>
         <unused_space>0x7ff7</unused_space>
         <attributes>RWIX</attributes>
         <usage_details>
            <available_space>
               <start_address>0x1</start_address>
               <size>0x7</size>
            </available_space>
            <allocated_space>
               <start_address>0x8</start_address>
               <size>0x8</size>
               <logical_group_ref idref="lg-c4"/>
            </allocated_space>
            <available_space>
               <start_address>0x10</start_address>
               <size>0x7ff0</size>
            </available_space>
         </usage_details>
      </memory_area>
      <memory_area>
         <name>RAM</name>
         <page_id>0x0</page_id>
         <origin>0x8000</origin>
         <length>0xfffffffe</length>
         <used_space>0x143bc</used_space>
         <unused_space>0xfffebc42</unused_space>
         <attributes>RWIX</attributes>
         <usage_details>
            <allocated_space>
               <start_address>0x8000</start_address>
               <size>0x1252c</size>
               <logical_group_ref idref="lg-d0"/>
            </allocated_space>
            <available_space>
               <start_address>0x1a52c</start_address>
               <size>0x4</size>
            </available_space>
            <allocated_space>
               <start_address>0x1a530</start_address>
               <size>0xc</size>
               <logical_group_ref idref="lg-cb"/>
            </allocated_space>
            <available_space>
               <start_address>0x1a53c</start_address>
               <size>0x4</size>
            </available_space>
            <allocated_space>
               <start_address>0x1a540</start_address>
               <size>0x1a40</size>
               <logical_group_ref idref="lg-c8"/>
            </allocated_space>
            <allocated_space>
               <start_address>0x1bf80</start_address>
               <size>0x400</size>
               <logical_group_ref idref="lg-ce"/>
            </allocated_space>
            <allocated_space>
               <start_address>0x1c380</start_address>
               <size>0x44</size>
               <logical_group_ref idref="lg-cc"/>
            </allocated_space>
            <available_space>
               <start_address>0x1c3c4</start_address>
               <size>0xfffebc3a</size>
            </available_space>
         </usage_details>
      </memory_area>
   </placement_map>
   <cptbl_list>
      <cptbl>
         <name>__TI_cinit_table</name>
         <cprec>
            <name>.fardata</name>
            <load_address>0x1c380</load_address>
            <load_size>0xd</load_size>
            <run_address>0x1a530</run_address>
            <run_size>0xc</run_size>
            <compression>rle</compression>
         </cprec>
         <cprec>
            <name>.bss</name>
            <load_address>0x1c39c</load_address>
            <load_size>0x8</load_size>
            <run_address>0x8</run_address>
            <run_size>0x8</run_size>
            <compression>zero_init</compression>
         </cprec>
         <cprec>
            <name>.far</name>
            <load_address>0x1c3a4</load_address>
            <load_size>0x8</load_size>
            <run_address>0x8000</run_address>
            <run_size>0x1252c</run_size>
            <compression>zero_init</compression>
         </cprec>
      </cptbl>
   </cptbl_list>
   <handler_table>
      <handler_table_name>__TI_handler_table</handler_table_name>
      <handler>
         <index>0x0</index>
         <name>__TI_zero_init</name>
      </handler>
      <handler>
         <index>0x1</index>
         <name>__TI_decompress_rle24</name>
      </handler>
      <handler>
         <index>0x2</index>
         <name>__TI_decompress_none</name>
      </handler>
   </handler_table>
   <symbol_table>
      <symbol id="sm-1">
         <name>__TI_CINIT_Base</name>
         <value>0x1c3ac</value>
      </symbol>
      <symbol id="sm-2">
         <name>__TI_CINIT_Limit</name>
         <value>0x1c3c4</value>
      </symbol>
      <symbol id="sm-3">
         <name>__TI_Handler_Table_Base</name>
         <value>0x1c390</value>
      </symbol>
      <symbol id="sm-4">
         <name>__TI_Handler_Table_Limit</name>
         <value>0x1c39c</value>
      </symbol>
      <symbol id="sm-5">
         <name>binit</name>
         <value>0xffffffff</value>
      </symbol>
      <symbol id="sm-6">
         <name>__binit__</name>
         <value>0xffffffff</value>
      </symbol>
      <symbol id="sm-7">
         <name>__TI_STACK_SIZE</name>
         <value>0x400</value>
      </symbol>
      <symbol id="sm-8">
         <name>__TI_STACK_END</name>
         <value>0x1c380</value>
      </symbol>
      <symbol id="sm-9">
         <name>__c_args__</name>
         <value>0xffffffff</value>
      </symbol>
      <symbol id="sm-a">
         <name>__TI_pprof_out_hndl</name>
         <value>0xffffffff</value>
      </symbol>
      <symbol id="sm-b">
         <name>__TI_prof_data_start</name>
         <value>0xffffffff</value>
      </symbol>
      <symbol id="sm-c">
         <name>__TI_prof_data_size</name>
         <value>0xffffffff</value>
      </symbol>
      <symbol id="sm-c5">
         <name>config_rx_flow</name>
         <value>0x1abd0</value>
         <object_component_ref idref="oc-4c"/>
      </symbol>
      <symbol id="sm-c6">
         <name>host_region</name>
         <value>0x8000</value>
         <object_component_ref idref="oc-83"/>
      </symbol>
      <symbol id="sm-c7">
         <name>set_link_ram</name>
         <value>0x1a5b0</value>
         <object_component_ref idref="oc-4c"/>
      </symbol>
      <symbol id="sm-c8">
         <name>enable_tx_chan</name>
         <value>0x1ad24</value>
         <object_component_ref idref="oc-4c"/>
      </symbol>
      <symbol id="sm-c9">
         <name>mono_pkt</name>
         <value>0xc</value>
         <object_component_ref idref="oc-85"/>
      </symbol>
      <symbol id="sm-ca">
         <name>set_memory_region</name>
         <value>0x1a540</value>
         <object_component_ref idref="oc-4c"/>
      </symbol>
      <symbol id="sm-cb">
         <name>pdsp_control</name>
         <value>0x1af04</value>
         <object_component_ref idref="oc-4c"/>
      </symbol>
      <symbol id="sm-cc">
         <name>pdsp_download_firmware</name>
         <value>0x1b04c</value>
         <object_component_ref idref="oc-4c"/>
      </symbol>
      <symbol id="sm-cd">
         <name>hostList</name>
         <value>0x1a400</value>
         <object_component_ref idref="oc-83"/>
      </symbol>
      <symbol id="sm-ce">
         <name>set_firmware_timer</name>
         <value>0x1a9a8</value>
         <object_component_ref idref="oc-4c"/>
      </symbol>
      <symbol id="sm-cf">
         <name>pdsp_enable</name>
         <value>0x1af4c</value>
         <object_component_ref idref="oc-4c"/>
      </symbol>
      <symbol id="sm-d0">
         <name>cmd</name>
         <value>0x1a518</value>
         <object_component_ref idref="oc-83"/>
      </symbol>
      <symbol id="sm-d1">
         <name>disable_accumulator</name>
         <value>0x1a8f0</value>
         <object_component_ref idref="oc-4c"/>
      </symbol>
      <symbol id="sm-d2">
         <name>get_descriptor_count</name>
         <value>0x1a7d4</value>
         <object_component_ref idref="oc-4c"/>
      </symbol>
      <symbol id="sm-d3">
         <name>get_byte_count</name>
         <value>0x1a7a4</value>
         <object_component_ref idref="oc-4c"/>
      </symbol>
      <symbol id="sm-d4">
         <name>enable_rx_chan</name>
         <value>0x1acf4</value>
         <object_component_ref idref="oc-4c"/>
      </symbol>
      <symbol id="sm-d5">
         <name>pop_queue</name>
         <value>0x1a670</value>
         <object_component_ref idref="oc-4c"/>
      </symbol>
      <symbol id="sm-d6">
         <name>monoList</name>
         <value>0x1a490</value>
         <object_component_ref idref="oc-83"/>
      </symbol>
      <symbol id="sm-d7">
         <name>config_tx_sched</name>
         <value>0x1aba0</value>
         <object_component_ref idref="oc-4c"/>
      </symbol>
      <symbol id="sm-d8">
         <name>host_pkt</name>
         <value>0x8</value>
         <object_component_ref idref="oc-85"/>
      </symbol>
      <symbol id="sm-d9">
         <name>main</name>
         <value>0x1b1c4</value>
         <object_component_ref idref="oc-4c"/>
      </symbol>
      <symbol id="sm-da">
         <name>set_queue_threshold</name>
         <value>0x1a808</value>
         <object_component_ref idref="oc-4c"/>
      </symbol>
      <symbol id="sm-db">
         <name>clear_status</name>
         <value>0x1ae18</value>
         <object_component_ref idref="oc-4c"/>
      </symbol>
      <symbol id="sm-dc">
         <name>config_pktdma_loopback</name>
         <value>0x1aae4</value>
         <object_component_ref idref="oc-4c"/>
      </symbol>
      <symbol id="sm-dd">
         <name>write_intcount</name>
         <value>0x1aea8</value>
         <object_component_ref idref="oc-4c"/>
      </symbol>
      <symbol id="sm-de">
         <name>config_pktdma_qm</name>
         <value>0x1aa40</value>
         <object_component_ref idref="oc-4c"/>
      </symbol>
      <symbol id="sm-df">
         <name>config_tx_chan</name>
         <value>0x1ab54</value>
         <object_component_ref idref="oc-4c"/>
      </symbol>
      <symbol id="sm-e0">
         <name>read_intcount</name>
         <value>0x1ae74</value>
         <object_component_ref idref="oc-4c"/>
      </symbol>
      <symbol id="sm-e1">
         <name>pdsp_disable</name>
         <value>0x1afa4</value>
         <object_component_ref idref="oc-4c"/>
      </symbol>
      <symbol id="sm-e2">
         <name>pdsp_running</name>
         <value>0x1aff8</value>
         <object_component_ref idref="oc-4c"/>
      </symbol>
      <symbol id="sm-e3">
         <name>config_pktdma_retry_timeout</name>
         <value>0x1ab18</value>
         <object_component_ref idref="oc-4c"/>
      </symbol>
      <symbol id="sm-e4">
         <name>divert_queue</name>
         <value>0x1a6a4</value>
         <object_component_ref idref="oc-4c"/>
      </symbol>
      <symbol id="sm-e5">
         <name>push_queue</name>
         <value>0x1a608</value>
         <object_component_ref idref="oc-4c"/>
      </symbol>
      <symbol id="sm-e6">
         <name>program_accumulator</name>
         <value>0x1a838</value>
         <object_component_ref idref="oc-4c"/>
      </symbol>
      <symbol id="sm-e7">
         <name>set_status</name>
         <value>0x1adc0</value>
         <object_component_ref idref="oc-4c"/>
      </symbol>
      <symbol id="sm-e8">
         <name>buffers</name>
         <value>0xa400</value>
         <object_component_ref idref="oc-83"/>
      </symbol>
      <symbol id="sm-e9">
         <name>read_status</name>
         <value>0x1ad50</value>
         <object_component_ref idref="oc-4c"/>
      </symbol>
      <symbol id="sm-ea">
         <name>write_eoi</name>
         <value>0x1aee0</value>
         <object_component_ref idref="oc-4c"/>
      </symbol>
      <symbol id="sm-eb">
         <name>mono_region</name>
         <value>0x9000</value>
         <object_component_ref idref="oc-83"/>
      </symbol>
      <symbol id="sm-ec">
         <name>empty_queue</name>
         <value>0x1a6ec</value>
         <object_component_ref idref="oc-4c"/>
      </symbol>
      <symbol id="sm-107">
         <name>_c_int00</name>
         <value>0x1be00</value>
         <object_component_ref idref="oc-2"/>
      </symbol>
      <symbol id="sm-108">
         <name>_stack</name>
         <value>0x1bf80</value>
         <object_component_ref idref="oc-12"/>
      </symbol>
      <symbol id="sm-121">
         <name>__TI_decompress_none</name>
         <value>0x1bf40</value>
         <object_component_ref idref="oc-6"/>
      </symbol>
      <symbol id="sm-142">
         <name>__TI_decompress_rle24</name>
         <value>0x1bf60</value>
         <object_component_ref idref="oc-e"/>
      </symbol>
      <symbol id="sm-152">
         <name>__TI_zero_init</name>
         <value>0x1ba20</value>
         <object_component_ref idref="oc-a"/>
      </symbol>
      <symbol id="sm-16c">
         <name>C$$EXIT</name>
         <value>0x1bf20</value>
         <object_component_ref idref="oc-59"/>
      </symbol>
      <symbol id="sm-16d">
         <name>_dtors_ptr</name>
         <value>0x1a534</value>
         <object_component_ref idref="oc-57"/>
      </symbol>
      <symbol id="sm-16e">
         <name>abort</name>
         <value>0x1bf20</value>
         <object_component_ref idref="oc-59"/>
      </symbol>
      <symbol id="sm-16f">
         <name>_cleanup_ptr</name>
         <value>0x1a530</value>
         <object_component_ref idref="oc-57"/>
      </symbol>
      <symbol id="sm-170">
         <name>exit</name>
         <value>0x1bbe0</value>
         <object_component_ref idref="oc-1c"/>
      </symbol>
      <symbol id="sm-171">
         <name>__TI_enable_exit_profile_output</name>
         <value>0x1a538</value>
         <object_component_ref idref="oc-57"/>
      </symbol>
      <symbol id="sm-178">
         <name>memcpy</name>
         <value>0x1bd60</value>
         <object_component_ref idref="oc-21"/>
      </symbol>
      <symbol id="sm-183">
         <name>memset</name>
         <value>0x1bb00</value>
         <object_component_ref idref="oc-7f"/>
      </symbol>
      <symbol id="sm-18a">
         <name>_args_main</name>
         <value>0x1bee0</value>
         <object_component_ref idref="oc-18"/>
      </symbol>
      <symbol id="sm-196">
         <name>_auto_init_elf</name>
         <value>0x1b820</value>
         <object_component_ref idref="oc-14"/>
      </symbol>
      <symbol id="sm-1a0">
         <name>__TI_cpp_init</name>
         <value>0x1be80</value>
         <object_component_ref idref="oc-47"/>
      </symbol>
      <symbol id="sm-1b5">
         <name>copy_in</name>
         <value>0x1b920</value>
         <object_component_ref idref="oc-3f"/>
      </symbol>
      <symbol id="sm-1c2">
         <name>__TI_tls_init</name>
         <value>0x1bca0</value>
         <object_component_ref idref="oc-43"/>
      </symbol>
      <symbol id="sm-1c4">
         <name>__TI_STATIC_BASE</name>
         <value>0x8</value>
      </symbol>
      <symbol id="sm-1c5">
         <name>__TI_args_main</name>
         <value>0x1</value>
      </symbol>
      <symbol id="sm-1c6">
         <name>__TI_INITARRAY_Base</name>
         <value>0x0</value>
      </symbol>
      <symbol id="sm-1c7">
         <name>__TI_INITARRAY_Limit</name>
         <value>0x0</value>
      </symbol>
      <symbol id="sm-1c8">
         <name>__TI_TLS_INIT_Base</name>
         <value>0x0</value>
      </symbol>
      <symbol id="sm-1c9">
         <name>__TI_TLS_INIT_Limit</name>
         <value>0x0</value>
      </symbol>
   </symbol_table>
</link_info>
